[backblue.gif]
[fade.gif]
[index.html]
[www.materiasensible.cat/ca/index.html]
[www.materiasensible.cat/sites/all/modules/jquery_update/replace/jquery.min/index.js]
[www.materiasensible.cat/misc/drupal/index.js]
[www.materiasensible.cat/sites/default/files/css/css_b6a092962440a5913b44a3e5f6d99b67/index.css]
[www.materiasensible.cat/sites/default/files/languages/ca_571c46babcfdff80648c139e5d7584b9/index.js]
[www.materiasensible.cat/sites/all/modules/google_analytics/googleanalytics/index.js]
[www.materiasensible.cat/sites/all/modules/lightbox2/js/auto_image_handling/index.js]
[www.materiasensible.cat/sites/all/modules/lightbox2/js/lightbox/index.js]
[www.materiasensible.cat/sites/all/themes/fusion/fusion_core/css/grid16-960/index.css]
[www.materiasensible.cat/sites/all/modules/poormanscron/poormanscron/index.js]
[www.materiasensible.cat/sites/all/modules/views_slideshow/js/views_slideshow/index.js]
[www.materiasensible.cat/sites/all/themes/fusion/fusion_core/js/jquery.bgiframe.min/index.js]
[www.materiasensible.cat/sites/all/themes/fusion/fusion_core/js/hoverIntent/index.js]
[www.materiasensible.cat/sites/all/themes/fusion/materia_sensible/css/local/index.css]
[www.materiasensible.cat/sites/all/themes/fusion/fusion_core/js/supposition/index.js]
[www.materiasensible.cat/sites/all/themes/fusion/fusion_core/js/supersubs/index.js]
[www.materiasensible.cat/sites/all/themes/fusion/fusion_core/js/superfish/index.js]
[www.materiasensible.cat/sites/all/themes/fusion/fusion_core/js/script/index.js]
[www.materiasensible.cat/sites/default/files/materia_sensible_logo/index.png]
[www.materiasensible.cat/ca/lexposició/index.html]
[www.materiasensible.cat/sites/default/files/ms_web/index.jpg]
[www.materiasensible.cat/sites/default/files/imagecache/Logos/img/logos/irll/index.png]
[www.materiasensible.cat/ca/lexposició/clipping/index.html]
[www.materiasensible.cat/sites/default/files/imagecache/Logos/img/logos/logo_footer_conca/index.png]
[www.materiasensible.cat/sites/default/files/imagecache/Logos/img/logos/archtlas/index.png]
[www.materiasensible.cat/sites/default/files/imagecache/Logos/img/logos/arquinfad_0/index.png]
[www.materiasensible.cat/sites/default/files/imagecache/Logos/img/logos/et/index.png]
[www.materiasensible.cat/ca/itinerancies/index.html]
[www.materiasensible.cat/sites/default/files/imagecache/Logos/img/logos/ajac/index.png]
[www.materiasensible.cat/sites/default/files/imagecache/Logos/img/logos/ivanow/index.png]
[www.materiasensible.cat/sites/default/files/imagecache/Logos/img/logos/coac/index.png]
[www.materiasensible.cat/ca/lexposició/documents/index.html]
[www.materiasensible.cat/misc/tree/index.png]
[www.materiasensible.cat/misc/tree-bottom/index.png]
[www.materiasensible.cat/misc/throbber/index.gif]
[www.materiasensible.cat/misc/menu-expanded/index.png]
[www.materiasensible.cat/ca/obres/index.html]
[www.materiasensible.cat/misc/menu-collapsed/index.png]
[www.materiasensible.cat/misc/grippie/index.png]
[www.materiasensible.cat/misc/draggable/index.png]
[www.materiasensible.cat/misc/progress/index.gif]
[www.materiasensible.cat/ca/contact/index.html]
[www.materiasensible.cat/misc/menu-leaf/index.png]
[www.materiasensible.cat/sites/all/modules/ctools/images/status-active/index.gif]
[www.materiasensible.cat/sites/all/modules/follow/icons/small/icon-facebook/index.png]
[www.materiasensible.cat/sites/all/modules/follow/icons/small/icon-myspace/index.png]
[www.materiasensible.cat/node/136/index.html]
[www.materiasensible.cat/sites/all/modules/follow/icons/small/icon-virb/index.png]
[www.materiasensible.cat/sites/all/modules/follow/icons/small/icon-bliptv/index.png]
[www.materiasensible.cat/sites/all/modules/follow/icons/small/icon-lastfm/index.png]
[www.materiasensible.cat/sites/all/modules/follow/icons/small/icon-youtube/index.png]
[www.materiasensible.cat/en/index.html]
[www.materiasensible.cat/sites/all/modules/follow/icons/small/icon-twitter/index.png]
[www.materiasensible.cat/sites/all/modules/follow/icons/small/icon-picasa/index.png]
[www.materiasensible.cat/sites/all/modules/follow/icons/small/icon-flickr/index.png]
[www.materiasensible.cat/sites/all/modules/follow/icons/small/icon-vimeo/index.png]
[www.materiasensible.cat/es/index.html]
[www.materiasensible.cat/sites/all/modules/follow/icons/small/icon-linkedin/index.png]
[www.materiasensible.cat/sites/all/modules/follow/icons/small/icon-delicious/index.png]
[www.materiasensible.cat/sites/all/modules/follow/icons/small/icon-tumblr/index.png]
[www.materiasensible.cat/sites/all/modules/follow/icons/small/icon-feed/index.png]
[www.materiasensible.cat/ca/COAC/index.html]
[www.materiasensible.cat/sites/all/modules/follow/icons/small/icon-newsletter/index.png]
[www.materiasensible.cat/sites/all/modules/lightbox2/images/blank/index.gif]
[www.materiasensible.cat/sites/all/modules/lightbox2/images/prev/index.gif]
[www.materiasensible.cat/sites/all/modules/lightbox2/images/next/index.gif]
[www.materiasensible.cat/sites/all/modules/lightbox2/images/prev_hover/index.gif]
[www.materiasensible.cat/sites/all/modules/lightbox2/images/next_hover/index.gif]
[www.materiasensible.cat/sites/all/modules/lightbox2/images/overlay/index.png]
[www.materiasensible.cat/sites/all/modules/lightbox2/images/close/index.gif]
[www.materiasensible.cat/sites/all/modules/lightbox2/images/loading/index.gif]
[www.materiasensible.cat/sites/all/modules/lightbox2/images/expand/index.gif]
[www.materiasensible.cat/sites/all/modules/lightbox2/images/contract/index.gif]
[www.materiasensible.cat/sites/all/modules/lightbox2/images/play/index.png]
[www.materiasensible.cat/sites/all/modules/lightbox2/images/pause/index.png]
[www.materiasensible.cat/sites/all/modules/views/images/status-active/index.gif]
[www.materiasensible.cat/sites/all/themes/fusion/fusion_core/images/emblem-system/index.png]
[www.materiasensible.cat/sites/all/themes/fusion/fusion_core/images/text-x-generic-menu/index.png]
[www.materiasensible.cat/sites/all/themes/fusion/fusion_core/images/skinrpreviews/skinr-image-preview/index.png]
[www.materiasensible.cat/sites/all/themes/fusion/fusion_core/images/skinrpreviews/fusion-general-styles-fusion-callout/index.png]
[www.materiasensible.cat/sites/all/themes/fusion/fusion_core/images/skinrpreviews/fusion-general-styles-fusion-padding/index.png]
[www.materiasensible.cat/sites/all/themes/fusion/fusion_core/images/skinrpreviews/fusion-general-styles-fusion-border/index.png]
[www.materiasensible.cat/sites/all/themes/fusion/fusion_core/images/skinrpreviews/fusion-general-styles-bold-links/index.png]
[www.materiasensible.cat/sites/all/themes/fusion/fusion_core/images/skinrpreviews/fusion-general-styles-equal-heights/index.png]
[www.materiasensible.cat/sites/all/themes/fusion/fusion_core/images/skinrpreviews/list-styles-bottom-border/index.png]
[www.materiasensible.cat/sites/all/themes/fusion/fusion_core/images/skinrpreviews/list-styles-extra-vertical-spacing/index.png]
[www.materiasensible.cat/sites/all/themes/fusion/fusion_core/images/skinrpreviews/fusion-menu-fusion-inline-menu/index.png]
[www.materiasensible.cat/sites/all/themes/fusion/fusion_core/images/skinrpreviews/fusion-menu-fusion-multicol-menu/index.png]
[www.materiasensible.cat/sites/all/themes/fusion/fusion_core/images/skinrpreviews/fusion-superfish-superfish-vertical/index.png]
[www.materiasensible.cat/sites/all/themes/fusion/fusion_core/images/skinrpreviews/fusion-login-fusion-horiz-login/index.png]
[www.materiasensible.cat/sites/all/themes/fusion/fusion_core/images/arrows-ffffff/index.png]
[www.materiasensible.cat/sites/all/themes/fusion/fusion_core/images/shadow/index.png]
[www.materiasensible.cat/sites/all/themes/fusion/materia_sensible/css/GravuConReg/index.ttf]
[www.materiasensible.cat/sites/all/themes/fusion/materia_sensible/img/bkg/index.png]
[www.materiasensible.cat/sites/all/modules/gmap/js/gmap/index.js]
[www.materiasensible.cat/sites/all/modules/gmap/js/marker/index.js]
[www.materiasensible.cat/sites/default/files/imagecache/avatar_gran/img/agents/24894_100428556662691_100000866411085_10715_4888207_n/index.jpg]
[www.materiasensible.cat/sites/all/modules/gmap/js/highlight/index.js]
[www.materiasensible.cat/sites/default/files/imagecache/avatar_gran/img/agents/joanvc/index.jpg]
[www.materiasensible.cat/sites/default/files/imagecache/avatar_gran/img/agents/islandia_2008_-_00971/index.jpg]
[www.materiasensible.cat/sites/all/modules/gmap/js/gmap_marker/index.js]
[www.materiasensible.cat/sites/all/modules/gmap/js/poly/index.js]
[www.materiasensible.cat/sites/default/files/js/gmap_markers/index.js]
[www.materiasensible.cat/sites/all/modules/gmap/js/icon/index.js]
[www.materiasensible.cat/sites/all/modules/gmap/js/markerloader_static/index.js]
[www.materiasensible.cat/sites/all/modules/mapbox/js/gmapbox/index.js]
[www.materiasensible.cat/en/staff/index.html]
[www.materiasensible.cat/sites/default/files/imagecache/clipping/clipping/www.metalocus.es_2012-7-4_18235_2/index.png]
[www.materiasensible.cat/sites/default/files/imagecache/clipping/clipping/tectonicablog.com_2012-7-2_112455/index.png]
[www.materiasensible.cat/ca/lexposició/equip-tècnic/index.html]
[www.materiasensible.cat/sites/default/files/imagecache/clipping/clipping/ccaa_el_pais_-_estil_o_discurs/index.png]
[www.materiasensible.cat/es/exposición/equipo-técnico/index.html]
[www.materiasensible.cat/sites/default/files/imagecache/clipping/clipping/www.vilaweb.cat_2012-6-14_152144/index.png]
[www.materiasensible.cat/ca/arquitectes/arquitectures-boschcapdeferro/index.html]
[www.materiasensible.cat/sites/default/files/imagecache/clipping/clipping/gencat/index.png]
[www.materiasensible.cat/sites/default/files/imagecache/clipping/clipping/www.llull_.cat_2012-6-14_151824/index.png]
[www.materiasensible.cat/en/node/82/index.html]
[www.materiasensible.cat/sites/default/files/imagecache/clipping/clipping/www.lavanguardia.com_2012-6-14_152010/index.png]
[www.materiasensible.cat/sites/default/files/imagecache/clipping/clipping/cultura.elpais.com_2012-6-14_152229/index.png]
[www.materiasensible.cat/sites/default/files/imagecache/clipping/clipping/www.europapress.cat_2012-6-14_152430/index.png]
[www.materiasensible.cat/sites/default/files/imagecache/clipping/clipping/aedes_0/index.png]
[www.materiasensible.cat/sites/default/files/imagecache/clipping/clipping/coag/index.png]
[www.materiasensible.cat/sites/default/files/imagecache/clipping/clipping/materia_sensible_jovenes_arquitectos_catalanes_/index.png]
[www.materiasensible.cat/en/node/83/index.html]
[www.materiasensible.cat/sites/default/files/imagecache/clipping/clipping/plataforma_arquitectura/index.png]
[www.materiasensible.cat/sites/default/files/imagecache/clipping/clipping/veredes_1290085986494/index.png]
[www.materiasensible.cat/ca/arquitectes/dataae/index.html]
[www.materiasensible.cat/sites/default/files/imagecache/clipping/clipping/tectonica_a_coruna/index.png]
[www.materiasensible.cat/sites/default/files/imagecache/clipping/clipping/439output/index.png]
[www.materiasensible.cat/sites/default/files/imagecache/clipping/clipping/01avui_043/index.png]
[www.materiasensible.cat/sites/default/files/imagecache/clipping/clipping/publico_interior_paper/index.jpg]
[www.materiasensible.cat/en/node/89/index.html]
[www.materiasensible.cat/sites/default/files/imagecache/clipping/clipping/icat_fm_musica_i_cultura_per_radio_i_internet._amb_icatjazz_musicatles_totcat_mediterradio_i_xahrazad_1277132279116/index.png]
[www.materiasensible.cat/sites/default/files/imagecache/clipping/clipping/scalae_materia_sensible_10_arquitectos_jovenes_catalanes_1276674743345/index.png]
[www.materiasensible.cat/sites/default/files/imagecache/clipping/clipping/arqa/index.png]
[www.materiasensible.cat/en/node/84/index.html]
[www.materiasensible.cat/sites/default/files/imagecache/clipping/clipping/tectonicablog_materia_sensible_10_arquitectes_joves_catalans_1276522577454/index.png]
[www.materiasensible.cat/ca/arquitectes/david-sebastian-gerard-puig/index.html]
[www.materiasensible.cat/sites/default/files/imagecache/clipping/clipping/materia_sensible_arquitectos_jovenes_catalanes__archtlas_1294345800823/index.png]
[www.materiasensible.cat/sites/default/files/imagecache/cartell/img/itinerancies/ms_web/index.jpg]
[www.materiasensible.cat/sites/default/files/imagecache/cartell/img/itinerancies/cartell/index.png]
[www.materiasensible.cat/sites/default/files/imagecache/cartell/img/itinerancies/flyer_materia_sensible_coruna_aaff/index.png]
[www.materiasensible.cat/en/node/92/index.html]
[www.materiasensible.cat/sites/default/files/imagecache/cartell/img/itinerancies/flyer_materia_sensible_aaff/index.png]
[www.materiasensible.cat/cdn-cgi/scripts/f2bf09f8/cloudflare-static/email-decode.min/index.js]
[www.materiasensible.cat/en/node/93/index.html]
[www.materiasensible.cat/ca/arquitectes/emiliano-lópez-mónica-rivera/index.html]
[www.materiasensible.cat/en/node/95/index.html]
[www.materiasensible.cat/sites/all/modules/openlayers/js/openlayers/index.js]
[www.materiasensible.cat/sites/all/modules/mapbox/includes/layer_types/mapbox/index.js]
[www.materiasensible.cat/sites/all/modules/openlayers/includes/layer_types/js/google/index.js]
[www.materiasensible.cat/sites/all/modules/openlayers/includes/layer_types/js/xyz/index.js]
[www.materiasensible.cat/sites/all/modules/openlayers/modules/openlayers_views/includes/layer_types/openlayers_views_vector/index.js]
[www.materiasensible.cat/sites/all/modules/openlayers/includes/behaviors/js/openlayers_behavior_popup/index.js]
[www.materiasensible.cat/sites/all/modules/openlayers/includes/behaviors/js/openlayers_behavior_fullscreen/index.js]
[www.materiasensible.cat/sites/all/modules/openlayers/includes/behaviors/js/openlayers_behavior_keyboarddefaults/index.js]
[www.materiasensible.cat/en/node/94/index.html]
[www.materiasensible.cat/sites/all/modules/openlayers/includes/behaviors/js/openlayers_behavior_layerswitcher/index.js]
[www.materiasensible.cat/ca/arquitectes/francisco-cifuentes/index.html]
[www.materiasensible.cat/sites/all/modules/openlayers/includes/behaviors/js/openlayers_behavior_navigation/index.js]
[www.materiasensible.cat/sites/all/modules/openlayers/includes/behaviors/js/openlayers_behavior_panzoombar/index.js]
[www.materiasensible.cat/sites/all/modules/openlayers/includes/behaviors/js/openlayers_behavior_zoomtomaxextent/index.js]
[www.materiasensible.cat/sites/all/modules/openlayers/includes/behaviors/js/openlayers_behavior_zoomtolayer/index.js]
[www.materiasensible.cat/en/node/97/index.html]
[www.materiasensible.cat/sites/default/files/imagecache/Portada/cal_masso_17/index.jpg]
[www.materiasensible.cat/sites/default/files/imagecache/Portada/cine_lidia_07/index.jpg]
[www.materiasensible.cat/sites/default/files/imagecache/Portada/exterior_1/index.jpg]
[www.materiasensible.cat/sites/default/files/imagecache/Portada/ficha-casa-pasiva-arboretum/index.jpg]
[www.materiasensible.cat/sites/default/files/imagecache/Portada/704_02/index.jpg]
[www.materiasensible.cat/en/node/100/index.html]
[www.materiasensible.cat/ca/arquitectes/harquitectes/index.html]
[www.materiasensible.cat/sites/default/files/imagecache/Portada/casa205_03/index.jpg]
[www.materiasensible.cat/sites/default/files/imagecache/Portada/bnl1/index.jpg]
[www.materiasensible.cat/sites/default/files/imagecache/Portada/estudio_1/index.jpg]
[www.materiasensible.cat/en/node/103/index.html]
[www.materiasensible.cat/sites/default/files/imagecache/Portada/vpoandreu04/index.jpg]
[www.materiasensible.cat/sites/default/files/imagecache/Portada/aire_entorno02/index.jpg]
[www.materiasensible.cat/sites/default/files/imagecache/Portada/vilanova_n7x343639_copy/index.jpg]
[www.materiasensible.cat/sites/default/files/imagecache/Portada/batllo_n7x268990_copy/index.jpg]
[www.materiasensible.cat/en/node/105/index.html]
[www.materiasensible.cat/sites/default/files/imagecache/Portada/_n7x538183/index.jpg]
[www.materiasensible.cat/ca/arquitectes/josep-bunyesc/index.html]
[www.materiasensible.cat/sites/default/files/imagecache/Portada/ms-m1/index.jpg]
[www.materiasensible.cat/sites/default/files/imagecache/Portada/unparelldarquitectes_-_restaurant_can_jeroni_-_01/index.jpg]
[www.materiasensible.cat/sites/default/files/imagecache/Portada/montgat_dataae_11/index.jpg]
[www.materiasensible.cat/en/node/108/index.html]
[www.materiasensible.cat/sites/default/files/imagecache/Portada/ficha-casas-patio/index.jpg]
[www.materiasensible.cat/sites/default/files/imagecache/Portada/ficha-casa-collage/index.jpg]
[www.materiasensible.cat/en/node/107/index.html]
[www.materiasensible.cat/ca/arquitectes/núria-salvadó-david-tapias/index.html]
[www.materiasensible.cat/sites/default/files/imagecache/Portada/ficha-can-joan-jaume-i-n039apol-lonia/index.jpg]
[www.materiasensible.cat/sites/default/files/imagecache/Portada/ficha-el-pis-d039en-quim_1/index.jpg]
[www.materiasensible.cat/en/node/110/index.html]
[www.materiasensible.cat/ca/arquitectes/teda/index.html]
[www.materiasensible.cat/sites/all/modules/captcha/captcha/index.js]
[www.materiasensible.cat/misc/textarea/index.js]
[www.materiasensible.cat/en/node/88/index.html]
[www.materiasensible.cat/sites/default/files/languages/es_385f66829c980491ac77c590e3732347/index.js]
[www.materiasensible.cat/en/node/81/index.html]
[www.materiasensible.cat/ca/arquitectes/unparelldarquitectes/index.html]
[www.materiasensible.cat/en/node/86/index.html]
[www.materiasensible.cat/sites/default/files/img/obres/bosch-capdeferro/index.jpg]
[www.materiasensible.cat/en/node/80/index.html]
[www.materiasensible.cat/ca/_/ca/arquitectes/arquitectures-boschcapdeferro_/index.html]
[www.materiasensible.cat/sites/default/files/imagecache/Lateral_dret/img/obres/bosch-capdeferro/index.jpg]
[www.materiasensible.cat/sites/default/files/img/obres/datae/index.jpg]
[www.materiasensible.cat/ca/_/ca/arquitectes/dataae_.63/index.delayed]
[www.materiasensible.cat/sites/default/files/imagecache/Lateral_dret/img/obres/datae/index.jpg]
[www.materiasensible.cat/sites/default/files/img/obres/dg/index.jpg]
[www.materiasensible.cat/ca/_/ca/arquitectes/david-sebastian-gerard-puig_/index.html]
[www.materiasensible.cat/sites/default/files/imagecache/Lateral_dret/img/obres/dg/index.jpg]
[www.materiasensible.cat/sites/default/files/img/obres/lopez-rivera/index.jpg]
[www.materiasensible.cat/ca/_/ca/arquitectes/emiliano-lópez-mónica-rivera_.69/index.delayed]
[www.materiasensible.cat/sites/default/files/imagecache/Lateral_dret/img/obres/lopez-rivera/index.jpg]
[www.materiasensible.cat/sites/default/files/img/obres/cifu/index.jpg]
[www.materiasensible.cat/ca/_/ca/arquitectes/francisco-cifuentes_.6c/index.delayed]
[www.materiasensible.cat/sites/default/files/imagecache/Lateral_dret/img/obres/cifu/index.jpg]
[www.materiasensible.cat/sites/default/files/img/obres/harquitectes/index.jpg]
[www.materiasensible.cat/ca/_/ca/arquitectes/harquitectes_.6f/index.delayed]
[www.materiasensible.cat/sites/default/files/imagecache/Lateral_dret/img/obres/harquitectes/index.jpg]
[www.materiasensible.cat/sites/default/files/img/obres/bunyesc/index.jpg]
[www.materiasensible.cat/ca/_/ca/arquitectes/josep-bunyesc_/index.html]
[www.materiasensible.cat/sites/default/files/imagecache/Lateral_dret/img/obres/bunyesc/index.jpg]
[www.materiasensible.cat/sites/default/files/img/obres/casa/index.jpg]
[www.materiasensible.cat/ca/_/ca/arquitectes/núria-salvadó-david-tapias_.75/index.delayed]
[www.materiasensible.cat/sites/default/files/imagecache/Lateral_dret/img/obres/casa/index.jpg]
[www.materiasensible.cat/sites/default/files/img/obres/teda/index.jpg]
[www.materiasensible.cat/ca/_/ca/arquitectes/teda_.78/index.delayed]
[www.materiasensible.cat/sites/default/files/imagecache/Lateral_dret/img/obres/teda/index.jpg]
[www.materiasensible.cat/sites/default/files/img/obres/unparell/index.jpg]
[www.materiasensible.cat/ca/_/ca/arquitectes/unparelldarquitectes_/index.html]
[www.materiasensible.cat/sites/default/files/imagecache/Lateral_dret/img/obres/unparell/index.jpg]
[www.materiasensible.cat/en/exhibition/selected-architects/index.html]
[www.materiasensible.cat/ca/arquitectes-seleccionats/index.html]
[www.materiasensible.cat/es/arquitectos-seleccionados/index.html]
[www.materiasensible.cat/en/node/3/index.html]
[www.materiasensible.cat/ca/node/3/index.html]
[www.materiasensible.cat/en/exhibition/index.html]
[www.materiasensible.cat/es/exposición/index.html]
[www.materiasensible.cat/sites/default/files/css/css_4cb580ef140c6dae9289c168b19f1aa8/index.css]
[www.materiasensible.cat/misc/arrow-desc/index.png]
[www.materiasensible.cat/es/node/3/index.html]
[www.materiasensible.cat/ca/itinerancies/col·legi-darquitectes-de-catalunya-barcelona/index-2.html]
[www.materiasensible.cat/ca/user/1/index.html]
[www.materiasensible.cat/sites/default/files/img/itinerancies/ms_web/index.jpg]
[www.materiasensible.cat/sites/default/files/imagecache/Lateral_dret/img/itinerancies/ms_web/index.jpg]
[www.materiasensible.cat/es/node/136/index.html]
[www.materiasensible.cat/ca/itinerancies/col·legi-darquitectes-de-catalunya-barcelona/index.html]
[www.materiasensible.cat/ca/itinerancies/col·legi-darquitectes-de-catalunya-barcelona/index-3.html]
[www.materiasensible.cat/sites/default/files/imagecache/ample_pagina/clipping/www.metalocus.es_2012-7-4_18235_2/index.png]
[www.materiasensible.cat/ca/clipping/index.html]
[www.materiasensible.cat/en/clipping/metalocus/index.html]
[www.materiasensible.cat/es/clipping/metalocus/index.html]
[www.materiasensible.cat/ca/clipping/metalocus/index.html]
[www.materiasensible.cat/sites/default/files/imagecache/ample_pagina/clipping/tectonicablog.com_2012-7-2_112455/index.png]
[www.materiasensible.cat/en/clipping/tectónica-0/index.html]
[www.materiasensible.cat/es/clipping/tectónica-0/index.html]
[www.materiasensible.cat/ca/clipping/tectónica-0/index.html]
[www.materiasensible.cat/sites/default/files/imagecache/ample_pagina/clipping/ccaa_el_pais_-_estil_o_discurs/index.png]
[www.materiasensible.cat/en/node/137/index.html]
[www.materiasensible.cat/es/node/137/index.html]
[www.materiasensible.cat/ca/clipping/el-país-catalunya/index.html]
[www.materiasensible.cat/sites/default/files/partners-logos/flyer2/index.png]
[www.materiasensible.cat/sites/default/files/img/itinerancies/cartell/index.png]
[www.materiasensible.cat/sites/default/files/imagecache/Lateral_dret/img/itinerancies/cartell/index.png]
[www.materiasensible.cat/en/itinerancies/ancb-aedes-network-campus-berlin-berlin/index.html]
[www.materiasensible.cat/es/itinerancias/ancb-aedes-network-campus-berlin-berlin/index.html]
[www.materiasensible.cat/ca/itinerancies/ancb-aedes-network-campus-berlin-berlin/index.html]
[www.materiasensible.cat/sites/default/files/imagecache/ample_pagina/clipping/www.vilaweb.cat_2012-6-14_152144/index.png]
[www.materiasensible.cat/en/clipping/vilaweb/index.html]
[www.materiasensible.cat/es/clipping/vilaweb/index.html]
[www.materiasensible.cat/ca/clipping/vilaweb/index.html]
[www.materiasensible.cat/en/clipping/agència-catalana-de-noticies/index.html]
[www.materiasensible.cat/es/clipping/agència-catalana-de-noticies/index.html]
[www.materiasensible.cat/ca/clipping/agència-catalana-de-noticies/index.html]
[www.materiasensible.cat/sites/default/files/imagecache/ample_pagina/clipping/gencat/index.png]
[www.materiasensible.cat/en/clipping/gencat/index.html]
[www.materiasensible.cat/es/clipping/gencat/index.html]
[www.materiasensible.cat/ca/clipping/gencat/index.html]
[www.materiasensible.cat/sites/default/files/imagecache/ample_pagina/clipping/www.llull_.cat_2012-6-14_151824/index.png]
[www.materiasensible.cat/en/clipping/institut-ramon-llull/index.html]
[www.materiasensible.cat/es/clipping/institut-ramon-llull/index.html]
[www.materiasensible.cat/ca/clipping/institut-ramon-llull/index.html]
[www.materiasensible.cat/sites/default/files/imagecache/ample_pagina/clipping/www.lavanguardia.com_2012-6-14_152010/index.png]
[www.materiasensible.cat/en/clipping/la-vanguardia/index.html]
[www.materiasensible.cat/es/clipping/la-vanguardia/index.html]
[www.materiasensible.cat/ca/clipping/la-vanguardia/index.html]
[www.materiasensible.cat/sites/default/files/imagecache/ample_pagina/clipping/cultura.elpais.com_2012-6-14_152229/index.png]
[www.materiasensible.cat/en/clipping/el-país/index.html]
[www.materiasensible.cat/es/clipping/el-país/index.html]
[www.materiasensible.cat/ca/clipping/el-país/index.html]
[www.materiasensible.cat/sites/default/files/imagecache/ample_pagina/clipping/www.europapress.cat_2012-6-14_152430/index.png]
[www.materiasensible.cat/en/clipping/europa-press/index.html]
[www.materiasensible.cat/es/clipping/europa-press/index.html]
[www.materiasensible.cat/ca/clipping/europa-press/index.html]
[www.materiasensible.cat/sites/default/files/imagecache/ample_pagina/clipping/aedes_0/index.png]
[www.materiasensible.cat/en/clipping/ancb/index.html]
[www.materiasensible.cat/es/clipping/ancb/index.html]
[www.materiasensible.cat/ca/clipping/ancb/index.html]
[www.materiasensible.cat/sites/default/files/partners-logos/cartell_50x70cm_aaff/index.png]
[www.materiasensible.cat/sites/default/files/img/itinerancies/flyer_materia_sensible_coruna_aaff/index.png]
[www.materiasensible.cat/sites/default/files/imagecache/Lateral_dret/img/itinerancies/flyer_materia_sensible_coruna_aaff/index.png]
[www.materiasensible.cat/en/node/13/index.html]
[www.materiasensible.cat/es/itinerancias/etsac-escuela-técnica-superior-de-arquitectura-de-coruñ-coruñ-españ/index.html]
[www.materiasensible.cat/ca/itinerancies/etsac-escuela-técnica-superior-de-arquitectura-de-coruñ-coruñ-espanya/index.html]
[www.materiasensible.cat/sites/default/files/imagecache/ample_pagina/clipping/coag/index.png]
[www.materiasensible.cat/en/clipping/coa-galicia/index.html]
[www.materiasensible.cat/es/clipping/coa-galicia/index.html]
[www.materiasensible.cat/ca/clipping/coa-galicia/index.html]
[www.materiasensible.cat/sites/default/files/imagecache/ample_pagina/clipping/materia_sensible_jovenes_arquitectos_catalanes_/index.png]
[www.materiasensible.cat/en/clipping/detail/index.html]
[www.materiasensible.cat/es/clipping/detail/index.html]
[www.materiasensible.cat/ca/clipping/detail/index.html]
[www.materiasensible.cat/sites/default/files/imagecache/ample_pagina/clipping/plataforma_arquitectura/index.png]
[www.materiasensible.cat/en/clipping/plataforma-arquitectura/index.html]
[www.materiasensible.cat/es/clipping/plataforma-arquitectura/index.html]
[www.materiasensible.cat/ca/clipping/plataforma-arquitectura/index.html]
[www.materiasensible.cat/sites/default/files/imagecache/ample_pagina/clipping/veredes_1290085986494/index.png]
[www.materiasensible.cat/en/clipping/ve-redes/index.html]
[www.materiasensible.cat/es/clipping/ve-redes/index.html]
[www.materiasensible.cat/ca/clipping/ve-redes/index.html]
[www.materiasensible.cat/sites/default/files/imagecache/ample_pagina/clipping/tectonica_a_coruna/index.png]
[www.materiasensible.cat/en/clipping/tectónica-blog/index.html]
[www.materiasensible.cat/es/clipping/tectónica-blog/index.html]
[www.materiasensible.cat/ca/clipping/tectónica-blog/index.html]
[www.materiasensible.cat/sites/default/files/imagecache/ample_pagina/clipping/439output/index.png]
[www.materiasensible.cat/en/clipping/extraradi-com-ràdio/index.html]
[www.materiasensible.cat/ca/clipping/extraradi-com-ràdio/index.html]
[www.materiasensible.cat/es/clipping/extraradi-com-ràdio/index.html]
[www.materiasensible.cat/sites/default/files/partners-logos/logos-materia-f/index.png]
[www.materiasensible.cat/sites/default/files/img/itinerancies/flyer_materia_sensible_aaff/index.png]
[www.materiasensible.cat/sites/default/files/imagecache/Lateral_dret/img/itinerancies/flyer_materia_sensible_aaff/index.png]
[www.materiasensible.cat/en/node/14/index.html]
[www.materiasensible.cat/es/itinerancias/galeria-nogo-lisboa-portugal/index.html]
[www.materiasensible.cat/ca/itinerancies/galeria-nogo-lisboa-portugal/index.html]
[www.materiasensible.cat/misc/tableheader/index.js]
[www.materiasensible.cat/sites/default/files/imagecache/ample_pagina/clipping/01avui_043/index.png]
[www.materiasensible.cat/sites/default/files/01avui_043/index.pdf]
[www.materiasensible.cat/en/clipping/diari-avui/index.html]
[www.materiasensible.cat/es/clipping/diari-avui/index.html]
[www.materiasensible.cat/ca/clipping/diari-avui/index.html]
[www.materiasensible.cat/sites/default/files/imagecache/ample_pagina/clipping/publico_interior_paper/index.jpg]
[www.materiasensible.cat/en/clipping/diario-público/index.html]
[www.materiasensible.cat/es/clipping/diario-público/index.html]
[www.materiasensible.cat/ca/clipping/diario-público/index.html]
[www.materiasensible.cat/sites/default/files/imagecache/ample_pagina/clipping/icat_fm_musica_i_cultura_per_radio_i_internet._amb_icatjazz_musicatles_totcat_mediterradio_i_xahrazad_1277132279116/index.png]
[www.materiasensible.cat/en/clipping/icat-fm/index.html]
[www.materiasensible.cat/ca/clipping/icat-fm/index.html]
[www.materiasensible.cat/es/clipping/icat-fm/index.html]
[www.materiasensible.cat/sites/default/files/imagecache/ample_pagina/clipping/scalae_materia_sensible_10_arquitectos_jovenes_catalanes_1276674743345/index.png]
[www.materiasensible.cat/en/clipping/scalae/index.html]
[www.materiasensible.cat/es/clipping/scalae/index.html]
[www.materiasensible.cat/ca/clipping/scalae/index.html]
[www.materiasensible.cat/sites/default/files/imagecache/ample_pagina/clipping/arqa/index.png]
[www.materiasensible.cat/en/clipping/arqa/index.html]
[www.materiasensible.cat/es/clipping/arqa/index.html]
[www.materiasensible.cat/ca/clipping/arqa/index.html]
[www.materiasensible.cat/sites/default/files/imagecache/ample_pagina/clipping/tectonicablog_materia_sensible_10_arquitectes_joves_catalans_1276522577454/index.png]
[www.materiasensible.cat/en/clipping/tectónica/index.html]
[www.materiasensible.cat/es/clipping/tectónica/index.html]
[www.materiasensible.cat/ca/clipping/tectónica/index.html]
[www.materiasensible.cat/sites/default/files/imagecache/ample_pagina/clipping/materia_sensible_arquitectos_jovenes_catalanes__archtlas_1294345800823/index.png]
[www.materiasensible.cat/en/clipping/archtlas/index.html]
[www.materiasensible.cat/es/clipping/archtlas/index.html]
[www.materiasensible.cat/ca/clipping/archtlas/index.html]
[www.materiasensible.cat/en/exhibition/clipping/index.html]
[www.materiasensible.cat/es/exposición/clipping/index.html]
[www.materiasensible.cat/cdn-cgi/styles/cf.errors/index.css]
[www.materiasensible.cat/cdn-cgi/scripts/zepto.min/index.js]
[www.materiasensible.cat/cdn-cgi/scripts/cf.common/index.js]
[www.materiasensible.cat/cdn-cgi/l/email-protection/index.html]
[www.materiasensible.cat/sites/default/files/imagecache/cartell/img/itinerancies/cartell_0/index.png]
[www.materiasensible.cat/en/itinerancies/index.html]
[www.materiasensible.cat/es/itinerancies/index.html]
[www.materiasensible.cat/es/document/improvisation/index.html]
[www.materiasensible.cat/ca/document/improvisation/index.html]
[www.materiasensible.cat/node/74/index.html]
[www.materiasensible.cat/node/75/index.html]
[www.materiasensible.cat/en/node/133/index.html]
[www.materiasensible.cat/es/document/texto-pie-de-tres-notas/index.html]
[www.materiasensible.cat/ca/document/texto-pie-de-tres-notas/index.html]
[www.materiasensible.cat/es/document/contemporary-condition-and-new-paradigms/index.html]
[www.materiasensible.cat/ca/document/contemporary-condition-and-new-paradigms/index.html]
[www.materiasensible.cat/en/exhibition/documents/index.html]
[www.materiasensible.cat/es/documents/index.html]
[www.materiasensible.cat/sites/all/modules/mapbox/js/mapbox/index.png]
[www.materiasensible.cat/sites/all/modules/openlayers/includes/behaviors/js/openlayers_behavior_fullscreen/index.png]
[www.materiasensible.cat/sites/default/files/css/css_46516aafb028daa5bfa767424df736e5/index.css]
[www.materiasensible.cat/sites/default/files/css/css_0e02b4030722a7a882d3fdc0b47508cc/index.css]
[www.materiasensible.cat/sites/all/modules/openlayers/modules/openlayers_cck/includes/behaviors/js/openlayers_cck_vector_layer/index.js]
[www.materiasensible.cat/sites/all/modules/openlayers/includes/behaviors/js/openlayers_behavior_attribution/index.js]
[www.materiasensible.cat/sites/default/files/cal_masso_17/index.jpg]
[www.materiasensible.cat/sites/default/files/imagecache/ample_pagina/cal_masso_17/index.jpg]
[www.materiasensible.cat/sites/default/files/cal_masso_03/index.jpg]
[www.materiasensible.cat/sites/default/files/imagecache/Galeria_portada/cal_masso_03/index.jpg]
[www.materiasensible.cat/sites/default/files/cal_masso_09/index.jpg]
[www.materiasensible.cat/sites/default/files/imagecache/Galeria_portada/cal_masso_09/index.jpg]
[www.materiasensible.cat/sites/default/files/cal_masso_13/index.jpg]
[www.materiasensible.cat/sites/default/files/imagecache/Galeria_portada/cal_masso_13/index.jpg]
[www.materiasensible.cat/sites/default/files/cal_masso_24/index.jpg]
[www.materiasensible.cat/sites/default/files/imagecache/Galeria_portada/cal_masso_24/index.jpg]
[www.materiasensible.cat/ca/obres/centre-dart-cal-massó/index.html]
[www.materiasensible.cat/en/node/112/index.html]
[www.materiasensible.cat/es/node/112/index.html]
[www.materiasensible.cat/sites/default/files/cine_lidia_07/index.jpg]
[www.materiasensible.cat/sites/default/files/imagecache/ample_pagina/cine_lidia_07/index.jpg]
[www.materiasensible.cat/sites/default/files/cine_lidia_02/index.jpg]
[www.materiasensible.cat/sites/default/files/imagecache/Galeria_portada/cine_lidia_02/index.jpg]
[www.materiasensible.cat/sites/default/files/cine_lidia_08/index.jpg]
[www.materiasensible.cat/sites/default/files/imagecache/Galeria_portada/cine_lidia_08/index.jpg]
[www.materiasensible.cat/sites/default/files/cine_lidia_10/index.jpg]
[www.materiasensible.cat/sites/default/files/imagecache/Galeria_portada/cine_lidia_10/index.jpg]
[www.materiasensible.cat/sites/default/files/cine_lidia_11/index.jpg]
[www.materiasensible.cat/sites/default/files/imagecache/Galeria_portada/cine_lidia_11/index.jpg]
[www.materiasensible.cat/en/obres/cine-lídia/index.html]
[www.materiasensible.cat/es/node/110/index.html]
[www.materiasensible.cat/ca/obres/cine-lídia/index.html]
[www.materiasensible.cat/sites/default/files/exterior_1/index.jpg]
[www.materiasensible.cat/sites/default/files/imagecache/ample_pagina/exterior_1/index.jpg]
[www.materiasensible.cat/sites/default/files/exterior_2/index.jpg]
[www.materiasensible.cat/sites/default/files/imagecache/Galeria_portada/exterior_2/index.jpg]
[www.materiasensible.cat/sites/default/files/interior_2/index.jpg]
[www.materiasensible.cat/sites/default/files/imagecache/Galeria_portada/interior_2/index.jpg]
[www.materiasensible.cat/sites/default/files/interior_3/index.jpg]
[www.materiasensible.cat/sites/default/files/imagecache/Galeria_portada/interior_3/index.jpg]
[www.materiasensible.cat/sites/default/files/esquema/index.jpg]
[www.materiasensible.cat/sites/default/files/imagecache/Galeria_portada/esquema/index.jpg]
[www.materiasensible.cat/en/obres/capsa-habitable/index.html]
[www.materiasensible.cat/ca/obres/capsa-habitable/index.html]
[www.materiasensible.cat/sites/default/files/ficha-casa-pasiva-arboretum/index.jpg]
[www.materiasensible.cat/es/node/108/index.html]
[www.materiasensible.cat/sites/default/files/imagecache/ample_pagina/ficha-casa-pasiva-arboretum/index.jpg]
[www.materiasensible.cat/sites/default/files/construccio_8/index.jpg]
[www.materiasensible.cat/sites/default/files/imagecache/Galeria_portada/construccio_8/index.jpg]
[www.materiasensible.cat/sites/default/files/construccio_10/index.jpg]
[www.materiasensible.cat/sites/default/files/imagecache/Galeria_portada/construccio_10/index.jpg]
[www.materiasensible.cat/sites/default/files/construccio_4/index.jpg]
[www.materiasensible.cat/sites/default/files/imagecache/Galeria_portada/construccio_4/index.jpg]
[www.materiasensible.cat/sites/default/files/construccio_5/index.jpg]
[www.materiasensible.cat/sites/default/files/imagecache/Galeria_portada/construccio_5/index.jpg]
[www.materiasensible.cat/sites/default/files/dsc5343/index.jpg]
[www.materiasensible.cat/sites/default/files/imagecache/Galeria_portada/dsc5343/index.jpg]
[www.materiasensible.cat/es/node/107/index.html]
[www.materiasensible.cat/ca/obres/casa-passiva-arboretum/index.html]
[www.materiasensible.cat/sites/default/files/704_02/index.jpg]
[www.materiasensible.cat/sites/default/files/imagecache/ample_pagina/704_02/index.jpg]
[www.materiasensible.cat/sites/default/files/704_09/index.jpg]
[www.materiasensible.cat/sites/default/files/imagecache/Galeria_portada/704_09/index.jpg]
[www.materiasensible.cat/sites/default/files/704_04/index.jpg]
[www.materiasensible.cat/sites/default/files/imagecache/Galeria_portada/704_04/index.jpg]
[www.materiasensible.cat/sites/default/files/704_06/index.jpg]
[www.materiasensible.cat/sites/default/files/imagecache/Galeria_portada/704_06/index.jpg]
[www.materiasensible.cat/sites/default/files/704_05_axonometrica/index.jpg]
[www.materiasensible.cat/sites/default/files/imagecache/Galeria_portada/704_05_axonometrica/index.jpg]
[www.materiasensible.cat/en/obres/gimnàs-704/index.html]
[www.materiasensible.cat/es/node/105/index.html]
[www.materiasensible.cat/ca/obres/gimnàs-704/index.html]
[www.materiasensible.cat/sites/default/files/casa205_03/index.jpg]
[www.materiasensible.cat/sites/default/files/imagecache/ample_pagina/casa205_03/index.jpg]
[www.materiasensible.cat/sites/default/files/casa205_10/index.jpg]
[www.materiasensible.cat/sites/default/files/imagecache/Galeria_portada/casa205_10/index.jpg]
[www.materiasensible.cat/sites/default/files/harquitectes_casa-205_igb15/index.jpg]
[www.materiasensible.cat/sites/default/files/imagecache/Galeria_portada/harquitectes_casa-205_igb15/index.jpg]
[www.materiasensible.cat/sites/default/files/casa205_06/index.jpg]
[www.materiasensible.cat/sites/default/files/imagecache/Galeria_portada/casa205_06/index.jpg]
[www.materiasensible.cat/sites/default/files/casa205_07/index.jpg]
[www.materiasensible.cat/sites/default/files/imagecache/Galeria_portada/casa205_07/index.jpg]
[www.materiasensible.cat/sites/default/files/harquitectes_casa-205_igb09/index.jpg]
[www.materiasensible.cat/sites/default/files/imagecache/Galeria_portada/harquitectes_casa-205_igb09/index.jpg]
[www.materiasensible.cat/en/obres/house-205/index.html]
[www.materiasensible.cat/es/node/103/index.html]
[www.materiasensible.cat/ca/obres/casa-205/index.html]
[www.materiasensible.cat/sites/default/files/bnl1/index.jpg]
[www.materiasensible.cat/sites/default/files/imagecache/ample_pagina/bnl1/index.jpg]
[www.materiasensible.cat/sites/default/files/bnl5/index.jpg]
[www.materiasensible.cat/sites/default/files/imagecache/Galeria_portada/bnl5/index.jpg]
[www.materiasensible.cat/sites/default/files/bnl6/index.jpg]
[www.materiasensible.cat/sites/default/files/imagecache/Galeria_portada/bnl6/index.jpg]
[www.materiasensible.cat/sites/default/files/bnl10/index.jpg]
[www.materiasensible.cat/sites/default/files/imagecache/Galeria_portada/bnl10/index.jpg]
[www.materiasensible.cat/sites/default/files/bnl2/index.jpg]
[www.materiasensible.cat/sites/default/files/imagecache/Galeria_portada/bnl2/index.jpg]
[www.materiasensible.cat/en/obres/house-bunyola/index.html]
[www.materiasensible.cat/ca/obres/casa-en-bunyola/index.html]
[www.materiasensible.cat/es/obres/casa-en-bunyola/index.html]
[www.materiasensible.cat/sites/default/files/estudio_1/index.jpg]
[www.materiasensible.cat/sites/default/files/imagecache/ample_pagina/estudio_1/index.jpg]
[www.materiasensible.cat/sites/default/files/estudio_3/index.jpg]
[www.materiasensible.cat/sites/default/files/imagecache/Galeria_portada/estudio_3/index.jpg]
[www.materiasensible.cat/sites/default/files/estudio_2/index.jpg]
[www.materiasensible.cat/sites/default/files/imagecache/Galeria_portada/estudio_2/index.jpg]
[www.materiasensible.cat/sites/default/files/estudio_3_0/index.jpg]
[www.materiasensible.cat/sites/default/files/imagecache/Galeria_portada/estudio_3_0/index.jpg]
[www.materiasensible.cat/sites/default/files/estudio_6/index.jpg]
[www.materiasensible.cat/sites/default/files/imagecache/Galeria_portada/estudio_6/index.jpg]
[www.materiasensible.cat/en/obres/estudi-del-pintor-damià-jaume/index.html]
[www.materiasensible.cat/es/obres/estudio-del-pintor-damià-jaume/index.html]
[www.materiasensible.cat/ca/obres/estudi-del-pintor-damià-jaume/index.html]
[www.materiasensible.cat/sites/default/files/vpoandreu04/index.jpg]
[www.materiasensible.cat/sites/default/files/imagecache/ample_pagina/vpoandreu04/index.jpg]
[www.materiasensible.cat/sites/default/files/vpoandreu17/index.jpg]
[www.materiasensible.cat/sites/default/files/imagecache/Galeria_portada/vpoandreu17/index.jpg]
[www.materiasensible.cat/sites/default/files/vpoandreu20_3mb/index.jpg]
[www.materiasensible.cat/sites/default/files/imagecache/Galeria_portada/vpoandreu20_3mb/index.jpg]
[www.materiasensible.cat/sites/default/files/vpoandreu21/index.jpg]
[www.materiasensible.cat/sites/default/files/imagecache/Galeria_portada/vpoandreu21/index.jpg]
[www.materiasensible.cat/sites/default/files/vpoandreu38/index.jpg]
[www.materiasensible.cat/sites/default/files/imagecache/Galeria_portada/vpoandreu38/index.jpg]
[www.materiasensible.cat/sites/default/files/vpoandreu42_20cm300di/index.jpg]
[www.materiasensible.cat/sites/default/files/imagecache/Galeria_portada/vpoandreu42_20cm300di/index.jpg]
[www.materiasensible.cat/en/obres/dwellings-barcelona/index.html]
[www.materiasensible.cat/ca/obres/hpo-sant-andreu/index.html]
[www.materiasensible.cat/sites/default/files/aire_entorno02/index.jpg]
[www.materiasensible.cat/es/node/95/index.html]
[www.materiasensible.cat/sites/default/files/imagecache/ample_pagina/aire_entorno02/index.jpg]
[www.materiasensible.cat/sites/default/files/aire_ext18/index.jpg]
[www.materiasensible.cat/sites/default/files/imagecache/Galeria_portada/aire_ext18/index.jpg]
[www.materiasensible.cat/sites/default/files/aire_int03_copy/index.jpg]
[www.materiasensible.cat/sites/default/files/imagecache/Galeria_portada/aire_int03_copy/index.jpg]
[www.materiasensible.cat/sites/default/files/aire_patio/index.jpg]
[www.materiasensible.cat/sites/default/files/imagecache/Galeria_portada/aire_patio/index.jpg]
[www.materiasensible.cat/es/node/94/index.html]
[www.materiasensible.cat/ca/obres/hotel-aire/index.html]
[www.materiasensible.cat/sites/default/files/vilanova_n7x343639_copy/index.jpg]
[www.materiasensible.cat/sites/default/files/imagecache/ample_pagina/vilanova_n7x343639_copy/index.jpg]
[www.materiasensible.cat/sites/default/files/vilanova_1_ac/index.jpg]
[www.materiasensible.cat/sites/default/files/imagecache/Galeria_portada/vilanova_1_ac/index.jpg]
[www.materiasensible.cat/sites/default/files/vilanova_2_ac/index.jpg]
[www.materiasensible.cat/sites/default/files/imagecache/Galeria_portada/vilanova_2_ac/index.jpg]
[www.materiasensible.cat/sites/default/files/vilanova_5_ac_copy/index.jpg]
[www.materiasensible.cat/sites/default/files/imagecache/Galeria_portada/vilanova_5_ac_copy/index.jpg]
[www.materiasensible.cat/sites/default/files/vilanova_6_ac_copy/index.jpg]
[www.materiasensible.cat/sites/default/files/imagecache/Galeria_portada/vilanova_6_ac_copy/index.jpg]
[www.materiasensible.cat/sites/default/files/vilanova_8_ac_copy/index.jpg]
[www.materiasensible.cat/sites/default/files/imagecache/Galeria_portada/vilanova_8_ac_copy/index.jpg]
[www.materiasensible.cat/sites/default/files/vilanova_9_ac/index.jpg]
[www.materiasensible.cat/sites/default/files/imagecache/Galeria_portada/vilanova_9_ac/index.jpg]
[www.materiasensible.cat/sites/default/files/vilanova_n7x311821_copy/index.jpg]
[www.materiasensible.cat/sites/default/files/imagecache/Galeria_portada/vilanova_n7x311821_copy/index.jpg]
[www.materiasensible.cat/sites/default/files/vilanova_n7x315962/index.jpg]
[www.materiasensible.cat/sites/default/files/imagecache/Galeria_portada/vilanova_n7x315962/index.jpg]
[www.materiasensible.cat/sites/default/files/vilanova_n7x3318_copy/index.jpg]
[www.materiasensible.cat/sites/default/files/imagecache/Galeria_portada/vilanova_n7x3318_copy/index.jpg]
[www.materiasensible.cat/sites/default/files/vilanova_n7x347172_copy/index.jpg]
[www.materiasensible.cat/sites/default/files/imagecache/Galeria_portada/vilanova_n7x347172_copy/index.jpg]
[www.materiasensible.cat/en/obres/escola-bressol/index.html]
[www.materiasensible.cat/es/node/93/index.html]
[www.materiasensible.cat/ca/obres/escola-bressol/index.html]
[www.materiasensible.cat/sites/default/files/batllo_n7x268990_copy/index.jpg]
[www.materiasensible.cat/sites/default/files/imagecache/ample_pagina/batllo_n7x268990_copy/index.jpg]
[www.materiasensible.cat/sites/default/files/batllo_n7x2675_copy/index.jpg]
[www.materiasensible.cat/sites/default/files/imagecache/Galeria_portada/batllo_n7x2675_copy/index.jpg]
[www.materiasensible.cat/sites/default/files/batllo_n7x266061_copy/index.jpg]
[www.materiasensible.cat/sites/default/files/imagecache/Galeria_portada/batllo_n7x266061_copy/index.jpg]
[www.materiasensible.cat/sites/default/files/batllo_n7x265455_copy/index.jpg]
[www.materiasensible.cat/sites/default/files/imagecache/Galeria_portada/batllo_n7x265455_copy/index.jpg]
[www.materiasensible.cat/sites/default/files/batllo_n7x259192_copy/index.jpg]
[www.materiasensible.cat/sites/default/files/imagecache/Galeria_portada/batllo_n7x259192_copy/index.jpg]
[www.materiasensible.cat/sites/default/files/batllo_n7x2614_copy/index.jpg]
[www.materiasensible.cat/sites/default/files/imagecache/Galeria_portada/batllo_n7x2614_copy/index.jpg]
[www.materiasensible.cat/sites/default/files/batllo_n7x2636_copy/index.jpg]
[www.materiasensible.cat/sites/default/files/imagecache/Galeria_portada/batllo_n7x2636_copy/index.jpg]
[www.materiasensible.cat/ca/category/tipus-dimatge/arquitectura/david-sebastian/index.html]
[www.materiasensible.cat/ca/arquitectes/david-sebastian/index.html]
[www.materiasensible.cat/ca/obres/reforma-habitatge-passatge-batlló/index.html]
[www.materiasensible.cat/sites/default/files/_n7x538183/index.jpg]
[www.materiasensible.cat/es/node/92/index.html]
[www.materiasensible.cat/sites/default/files/imagecache/ample_pagina/_n7x538183/index.jpg]
[www.materiasensible.cat/sites/default/files/1/index.jpg]
[www.materiasensible.cat/sites/default/files/imagecache/Galeria_portada/1/index.jpg]
[www.materiasensible.cat/sites/default/files/3/index.jpg]
[www.materiasensible.cat/sites/default/files/imagecache/Galeria_portada/3/index.jpg]
[www.materiasensible.cat/sites/default/files/2/index.jpg]
[www.materiasensible.cat/sites/default/files/imagecache/Galeria_portada/2/index.jpg]
[www.materiasensible.cat/sites/default/files/_n7x5333-35/index.jpg]
[www.materiasensible.cat/sites/default/files/imagecache/Galeria_portada/_n7x5333-35/index.jpg]
[www.materiasensible.cat/en/obres/casa-sant-feliu/index.html]
[www.materiasensible.cat/ca/obres/casa-sant-feliu/index.html]
[www.materiasensible.cat/sites/default/files/ms-m1/index.jpg]
[www.materiasensible.cat/es/obres/casa-sant-feliu/index.html]
[www.materiasensible.cat/sites/default/files/imagecache/ample_pagina/ms-m1/index.jpg]
[www.materiasensible.cat/sites/default/files/ms-m5/index.jpg]
[www.materiasensible.cat/sites/default/files/imagecache/Galeria_portada/ms-m5/index.jpg]
[www.materiasensible.cat/sites/default/files/ms-m4/index.jpg]
[www.materiasensible.cat/sites/default/files/imagecache/Galeria_portada/ms-m4/index.jpg]
[www.materiasensible.cat/sites/default/files/ms-m2/index.jpg]
[www.materiasensible.cat/sites/default/files/imagecache/Galeria_portada/ms-m2/index.jpg]
[www.materiasensible.cat/sites/default/files/ms-m3/index.jpg]
[www.materiasensible.cat/sites/default/files/imagecache/Galeria_portada/ms-m3/index.jpg]
[www.materiasensible.cat/sites/default/files/ms-m6/index.jpg]
[www.materiasensible.cat/sites/default/files/imagecache/Galeria_portada/ms-m6/index.jpg]
[www.materiasensible.cat/es/node/88/index.html]
[www.materiasensible.cat/ca/obres/museu-es-molinar/index.html]
[www.materiasensible.cat/sites/default/files/unparelldarquitectes_-_restaurant_can_jeroni_-_01/index.jpg]
[www.materiasensible.cat/sites/default/files/imagecache/ample_pagina/unparelldarquitectes_-_restaurant_can_jeroni_-_01/index.jpg]
[www.materiasensible.cat/sites/default/files/unparelldarquitectes_-_restaurant_can_jeroni_-_02/index.jpg]
[www.materiasensible.cat/sites/default/files/imagecache/Galeria_portada/unparelldarquitectes_-_restaurant_can_jeroni_-_02/index.jpg]
[www.materiasensible.cat/sites/default/files/unparelldarquitectes_-_restaurant_can_jeroni_-_03/index.jpg]
[www.materiasensible.cat/sites/default/files/imagecache/Galeria_portada/unparelldarquitectes_-_restaurant_can_jeroni_-_03/index.jpg]
[www.materiasensible.cat/sites/default/files/unparelldarquitectes_-_restaurant_can_jeroni_-_04/index.jpg]
[www.materiasensible.cat/sites/default/files/imagecache/Galeria_portada/unparelldarquitectes_-_restaurant_can_jeroni_-_04/index.jpg]
[www.materiasensible.cat/sites/default/files/unparelldarquitectes_-_restaurant_can_jeroni_-_planta/index.jpg]
[www.materiasensible.cat/sites/default/files/imagecache/Galeria_portada/unparelldarquitectes_-_restaurant_can_jeroni_-_planta/index.jpg]
[www.materiasensible.cat/en/obres/restaurant-can-jeroni/index.html]
[www.materiasensible.cat/es/node/86/index.html]
[www.materiasensible.cat/ca/obres/restaurant-can-jeroni/index.html]
[www.materiasensible.cat/sites/default/files/montgat_dataae_11/index.jpg]
[www.materiasensible.cat/sites/default/files/imagecache/ample_pagina/montgat_dataae_11/index.jpg]
[www.materiasensible.cat/sites/default/files/montgatdataae20_0/index.jpg]
[www.materiasensible.cat/sites/default/files/imagecache/Galeria_portada/montgatdataae20_0/index.jpg]
[www.materiasensible.cat/sites/default/files/montgatdataae5/index.jpg]
[www.materiasensible.cat/sites/default/files/imagecache/Galeria_portada/montgatdataae5/index.jpg]
[www.materiasensible.cat/sites/default/files/montgatdataae8/index.jpg]
[www.materiasensible.cat/sites/default/files/imagecache/Galeria_portada/montgatdataae8/index.jpg]
[www.materiasensible.cat/sites/default/files/plantageneral/index.jpg]
[www.materiasensible.cat/sites/default/files/imagecache/Galeria_portada/plantageneral/index.jpg]
[www.materiasensible.cat/sites/default/files/plantageneralaigua/index.jpg]
[www.materiasensible.cat/sites/default/files/imagecache/Galeria_portada/plantageneralaigua/index.jpg]
[www.materiasensible.cat/sites/default/files/seccioconstructiva/index.jpg]
[www.materiasensible.cat/sites/default/files/imagecache/Galeria_portada/seccioconstructiva/index.jpg]
[www.materiasensible.cat/sites/default/files/detallpassera/index.jpg]
[www.materiasensible.cat/sites/default/files/imagecache/Galeria_portada/detallpassera/index.jpg]
[www.materiasensible.cat/sites/default/files/alzadomirador/index.jpg]
[www.materiasensible.cat/sites/default/files/imagecache/Galeria_portada/alzadomirador/index.jpg]
[www.materiasensible.cat/ca/obres/parc-del-turò-del-sastre/index.html]
[www.materiasensible.cat/sites/default/files/ficha-casas-patio/index.jpg]
[www.materiasensible.cat/es/node/84/index.html]
[www.materiasensible.cat/sites/default/files/imagecache/ample_pagina/ficha-casas-patio/index.jpg]
[www.materiasensible.cat/sites/default/files/habitatges_fabrica_02_f/index.jpg]
[www.materiasensible.cat/sites/default/files/imagecache/Galeria_portada/habitatges_fabrica_02_f/index.jpg]
[www.materiasensible.cat/sites/default/files/habitatges_fabrica_05_f/index.jpg]
[www.materiasensible.cat/sites/default/files/imagecache/Galeria_portada/habitatges_fabrica_05_f/index.jpg]
[www.materiasensible.cat/sites/default/files/habitatges_fabrica_07_f/index.jpg]
[www.materiasensible.cat/sites/default/files/imagecache/Galeria_portada/habitatges_fabrica_07_f/index.jpg]
[www.materiasensible.cat/sites/default/files/001_0p6280001_19-06-08_f/index.jpg]
[www.materiasensible.cat/sites/default/files/imagecache/Galeria_portada/001_0p6280001_19-06-08_f/index.jpg]
[www.materiasensible.cat/sites/default/files/002_p6300011_19-06-08_f/index.jpg]
[www.materiasensible.cat/sites/default/files/imagecache/Galeria_portada/002_p6300011_19-06-08_f/index.jpg]
[www.materiasensible.cat/ca/obres/cases-pati/index.html]
[www.materiasensible.cat/sites/default/files/ficha-casa-collage/index.jpg]
[www.materiasensible.cat/es/node/83/index.html]
[www.materiasensible.cat/sites/default/files/imagecache/ample_pagina/ficha-casa-collage/index.jpg]
[www.materiasensible.cat/sites/default/files/29052010504/index.jpg]
[www.materiasensible.cat/sites/default/files/imagecache/Galeria_portada/29052010504/index.jpg]
[www.materiasensible.cat/sites/default/files/29052010505/index.jpg]
[www.materiasensible.cat/sites/default/files/imagecache/Galeria_portada/29052010505/index.jpg]
[www.materiasensible.cat/sites/default/files/29052010507/index.jpg]
[www.materiasensible.cat/sites/default/files/imagecache/Galeria_portada/29052010507/index.jpg]
[www.materiasensible.cat/sites/default/files/forcaescalera01/index.jpg]
[www.materiasensible.cat/sites/default/files/imagecache/Galeria_portada/forcaescalera01/index.jpg]
[www.materiasensible.cat/sites/default/files/forcafachada12/index.jpg]
[www.materiasensible.cat/sites/default/files/imagecache/Galeria_portada/forcafachada12/index.jpg]
[www.materiasensible.cat/sites/default/files/forcapisa12/index.jpg]
[www.materiasensible.cat/sites/default/files/imagecache/Galeria_portada/forcapisa12/index.jpg]
[www.materiasensible.cat/es/node/82/index.html]
[www.materiasensible.cat/ca/obres/casa-collage/index.html]
[www.materiasensible.cat/sites/default/files/ficha-can-joan-jaume-i-n039apol-lonia/index.jpg]
[www.materiasensible.cat/sites/default/files/imagecache/ample_pagina/ficha-can-joan-jaume-i-n039apol-lonia/index.jpg]
[www.materiasensible.cat/es/node/81/index.html]
[www.materiasensible.cat/ca/obres/can-joan-jaume-i-napolonia/index.html]
[www.materiasensible.cat/sites/default/files/ficha-el-pis-d039en-quim_1/index.jpg]
[www.materiasensible.cat/sites/default/files/imagecache/ample_pagina/ficha-el-pis-d039en-quim_1/index.jpg]
[www.materiasensible.cat/sites/default/files/unparelldarquitectes_-_el_pis_den_quim_-_02/index.jpg]
[www.materiasensible.cat/sites/default/files/imagecache/Galeria_portada/unparelldarquitectes_-_el_pis_den_quim_-_02/index.jpg]
[www.materiasensible.cat/sites/default/files/unparelldarquitectes_-_el_pis_den_quim_-_03/index.jpg]
[www.materiasensible.cat/sites/default/files/imagecache/Galeria_portada/unparelldarquitectes_-_el_pis_den_quim_-_03/index.jpg]
[www.materiasensible.cat/sites/default/files/unparelldarquitectes_-_el_pis_den_quim_-_planta/index.jpg]
[www.materiasensible.cat/sites/default/files/imagecache/Galeria_portada/unparelldarquitectes_-_el_pis_den_quim_-_planta/index.jpg]
[www.materiasensible.cat/sites/default/files/unparelldarquitectes_-_el_pis_den_quim_-_seccio_a/index.jpg]
[www.materiasensible.cat/sites/default/files/imagecache/Galeria_portada/unparelldarquitectes_-_el_pis_den_quim_-_seccio_a/index.jpg]
[www.materiasensible.cat/ca/category/tipus-dimatge/arquitectura/eduard-callís/index.html]
[www.materiasensible.cat/ca/category/tipus-dimatge/arquitectura/guillem-moliner/index.html]
[www.materiasensible.cat/ca/category/tipus-dimatge/arquitectura/unparelldarquitectes/index.html]
[www.materiasensible.cat/en/obres/el-pis-den-quim/index.html]
[www.materiasensible.cat/es/node/80/index.html]
[www.materiasensible.cat/ca/obras/el-pis-den-quim/index.html]
[www.materiasensible.cat/en/obres/index.html]
[www.materiasensible.cat/es/obres/index.html]
[www.materiasensible.cat/en/contact/index.html]
[www.materiasensible.cat/es/contact/index.html]
[www.materiasensible.cat/en/node/136/index-2.html]
[www.materiasensible.cat/en/node/136/index.html]
[www.materiasensible.cat/en/user/1/index.html]
[www.materiasensible.cat/en/node/2/index.html]
[www.materiasensible.cat/en/COAC/index.html]
[www.materiasensible.cat/es/node/2/index.html]
[www.materiasensible.cat/es/COAC/index.html]
[www.materiasensible.cat/en/staff/index.html]
[www.materiasensible.cat/es/exposición/equipo-técnico/index.html]
[www.materiasensible.cat/sites/default/files/imagecache/Lateral_dret/ficha-casa-collage/index.jpg]
[www.materiasensible.cat/en/node/136/index-3.html]
[www.materiasensible.cat/sites/default/files/imagecache/Lateral_dret/ficha-casas-patio/index.jpg]
[www.materiasensible.cat/ca/arquitectes/arquitectures-boschcapdeferro/index.html]
[www.materiasensible.cat/en/node/31/index.html]
[www.materiasensible.cat/en/node/82/index.html]
[www.materiasensible.cat/en/node/83/index.html]
[www.materiasensible.cat/es/node/31/index.html]
[www.materiasensible.cat/sites/default/files/imagecache/Lateral_dret/montgat_dataae_11/index.jpg]
[www.materiasensible.cat/sites/default/files/imagecache/Lateral_dret/_n7x538183/index.jpg]
[www.materiasensible.cat/en/node/33/index.html]
[www.materiasensible.cat/ca/arquitectes/dataae/index.html]
[www.materiasensible.cat/en/node/89/index.html]
[www.materiasensible.cat/en/node/84/index.html]
[www.materiasensible.cat/sites/default/files/imagecache/Lateral_dret/vilanova_n7x343639_copy/index.jpg]
[www.materiasensible.cat/es/node/33/index.html]
[www.materiasensible.cat/en/node/34/index.html]
[www.materiasensible.cat/ca/arquitectes/david-sebastian-gerard-puig/index.html]
[www.materiasensible.cat/en/node/92/index.html]
[www.materiasensible.cat/en/node/93/index.html]
[www.materiasensible.cat/es/node/34/index.html]
[www.materiasensible.cat/sites/default/files/imagecache/Lateral_dret/aire_entorno02/index.jpg]
[www.materiasensible.cat/en/category/tipus-dimatge/arquitectura/david-sebastian/index.html]
[www.materiasensible.cat/sites/default/files/imagecache/Lateral_dret/vpoandreu04/index.jpg]
[www.materiasensible.cat/ca/arquitectes/emiliano-lópez-mónica-rivera/index.html]
[www.materiasensible.cat/en/node/36/index.html]
[www.materiasensible.cat/en/node/95/index.html]
[www.materiasensible.cat/en/node/94/index.html]
[www.materiasensible.cat/sites/default/files/imagecache/Lateral_dret/estudio_1/index.jpg]
[www.materiasensible.cat/es/node/36/index.html]
[www.materiasensible.cat/sites/default/files/imagecache/Lateral_dret/bnl1/index.jpg]
[www.materiasensible.cat/en/node/37/index.html]
[www.materiasensible.cat/ca/arquitectes/francisco-cifuentes/index.html]
[www.materiasensible.cat/en/node/97/index.html]
[www.materiasensible.cat/en/node/100/index.html]
[www.materiasensible.cat/sites/default/files/imagecache/Lateral_dret/casa205_03/index.jpg]
[www.materiasensible.cat/es/node/37/index.html]
[www.materiasensible.cat/sites/default/files/imagecache/Lateral_dret/704_02/index.jpg]
[www.materiasensible.cat/en/node/35/index.html]
[www.materiasensible.cat/ca/arquitectes/harquitectes/index.html]
[www.materiasensible.cat/en/node/103/index.html]
[www.materiasensible.cat/en/node/105/index.html]
[www.materiasensible.cat/sites/default/files/imagecache/Lateral_dret/ficha-casa-pasiva-arboretum/index.jpg]
[www.materiasensible.cat/es/node/35/index.html]
[www.materiasensible.cat/sites/default/files/imagecache/Lateral_dret/exterior_1/index.jpg]
[www.materiasensible.cat/ca/arquitectes/josep-bunyesc/index.html]
[www.materiasensible.cat/en/node/108/index.html]
[www.materiasensible.cat/en/node/107/index.html]
[www.materiasensible.cat/en/node/38/index.html]
[www.materiasensible.cat/es/node/38/index.html]
[www.materiasensible.cat/sites/default/files/imagecache/Lateral_dret/cine_lidia_07/index.jpg]
[www.materiasensible.cat/sites/default/files/imagecache/Lateral_dret/cal_masso_17/index.jpg]
[www.materiasensible.cat/en/node/32/index.html]
[www.materiasensible.cat/ca/arquitectes/núria-salvadó-david-tapias/index.html]
[www.materiasensible.cat/es/node/32/index.html]
[www.materiasensible.cat/node/index/index.html]
[www.materiasensible.cat/en/node/110/index.html]
[www.materiasensible.cat/en/node/index.html]
[www.materiasensible.cat/sites/default/files/imagecache/Lateral_dret/ficha-can-joan-jaume-i-n039apol-lonia/index.jpg]
[www.materiasensible.cat/sites/default/files/imagecache/Lateral_dret/ms-m1/index.jpg]
[www.materiasensible.cat/en/arquitectes/teda/index.html]
[www.materiasensible.cat/ca/arquitectes/teda/index.html]
[www.materiasensible.cat/en/node/88/index.html]
[www.materiasensible.cat/en/node/81/index.html]
[www.materiasensible.cat/sites/default/files/imagecache/Lateral_dret/ficha-el-pis-d039en-quim_1/index.jpg]
[www.materiasensible.cat/sites/default/files/imagecache/Lateral_dret/unparelldarquitectes_-_restaurant_can_jeroni_-_01/index.jpg]
[www.materiasensible.cat/es/node/39/index.html]
[www.materiasensible.cat/en/node/40/index.html]
[www.materiasensible.cat/ca/arquitectes/unparelldarquitectes/index.html]
[www.materiasensible.cat/en/node/86/index.html]
[www.materiasensible.cat/es/node/40/index.html]
[www.materiasensible.cat/en/node/80/index.html]
[www.materiasensible.cat/en/category/tipus-dimatge/arquitectura/eduard-callís/index.html]
[www.materiasensible.cat/ca/_/ca/arquitectes/arquitectures-boschcapdeferro_/index.html]
[www.materiasensible.cat/ca/_/ca/arquitectes/dataae_/index.html]
[www.materiasensible.cat/ca/_/ca/arquitectes/david-sebastian-gerard-puig_/index.html]
[www.materiasensible.cat/ca/_/ca/arquitectes/emiliano-lópez-mónica-rivera_/index.html]
[www.materiasensible.cat/ca/_/ca/arquitectes/francisco-cifuentes_/index.html]
[www.materiasensible.cat/ca/_/ca/arquitectes/harquitectes_/index.html]
[www.materiasensible.cat/ca/_/ca/arquitectes/josep-bunyesc_/index.html]
[www.materiasensible.cat/ca/_/ca/arquitectes/núria-salvadó-david-tapias_/index.html]
[www.materiasensible.cat/ca/_/ca/arquitectes/teda_/index.html]
[www.materiasensible.cat/ca/_/ca/arquitectes/unparelldarquitectes_/index.html]
[www.materiasensible.cat/en/category/tipus-dimatge/arquitectura/guillem-moliner/index.html]
[www.materiasensible.cat/en/category/tipus-dimatge/arquitectura/unparelldarquitectes/index.html]
[www.materiasensible.cat/en/exhibition/_/en/node/31_/index.html]
[www.materiasensible.cat/en/exhibition/_/en/node/33_/index.html]
[www.materiasensible.cat/en/exhibition/_/en/node/34_/index.html]
[www.materiasensible.cat/en/exhibition/_/en/node/36_/index.html]
[www.materiasensible.cat/en/exhibition/_/en/node/37_/index.html]
[www.materiasensible.cat/en/exhibition/_/en/node/35_/index.html]
[www.materiasensible.cat/en/exhibition/_/en/node/38_/index.html]
[www.materiasensible.cat/en/exhibition/_/en/node/32_/index.html]
[www.materiasensible.cat/en/exhibition/_/en/arquitectes/teda_/index.html]
[www.materiasensible.cat/en/exhibition/_/en/node/40_/index.html]
[www.materiasensible.cat/en/exhibition/selected-architects/index.html]
[www.materiasensible.cat/es/_/es/node/31_/index.html]
[www.materiasensible.cat/es/_/es/node/33_/index.html]
[www.materiasensible.cat/es/_/es/node/34_/index.html]
[www.materiasensible.cat/es/_/es/node/36_/index.html]
[www.materiasensible.cat/es/_/es/node/37_/index.html]
[www.materiasensible.cat/es/_/es/node/35_/index.html]
[www.materiasensible.cat/es/_/es/node/38_/index.html]
[www.materiasensible.cat/es/_/es/node/32_/index.html]
[www.materiasensible.cat/es/_/es/node/39_/index.html]
[www.materiasensible.cat/es/_/es/node/40_/index.html]
[www.materiasensible.cat/es/arquitectos-seleccionados/index.html]
[www.materiasensible.cat/en/node/3/index.html]
[www.materiasensible.cat/es/node/3/index.html]
[www.materiasensible.cat/ca/itinerancies/col·legi-darquitectes-de-catalunya-barcelona/index-2.html]
[www.materiasensible.cat/misc/arrow-asc/index.png]
[www.materiasensible.cat/ca/itinerancies/col·legi-darquitectes-de-catalunya-barcelona/index-3.html]
[www.materiasensible.cat/ca/itinerancies/col·legi-darquitectes-de-catalunya-barcelona/index-4.html]
[www.materiasensible.cat/ca/itinerancies/col·legi-darquitectes-de-catalunya-barcelona/index-5.html]
[www.materiasensible.cat/ca/user/1/signups/index.html]
[www.materiasensible.cat/ca/user/1/index.html]
[www.materiasensible.cat/es/user/1/index.html]
[www.materiasensible.cat/es/node/136/index-2.html]
[www.materiasensible.cat/es/node/136/index.html]
[www.materiasensible.cat/es/node/136/index-3.html]
[www.materiasensible.cat/en/clipping/index.html]
[www.materiasensible.cat/ca/clipping/index.html]
[www.materiasensible.cat/en/clipping/metalocus/index.html]
[www.materiasensible.cat/es/clipping/metalocus/index.html]
[www.materiasensible.cat/en/clipping/tectónica-0/index.html]
[www.materiasensible.cat/es/clipping/tectónica-0/index.html]
[www.materiasensible.cat/en/node/137/index.html]
[www.materiasensible.cat/es/node/137/index.html]
[www.materiasensible.cat/sites/default/files/img/itinerancies/cartell_0/index.png]
[www.materiasensible.cat/es/clipping/index.html]
[www.materiasensible.cat/en/itinerancies/ancb-aedes-network-campus-berlin-berlin/index.html]
[www.materiasensible.cat/sites/default/files/imagecache/Lateral_dret/img/itinerancies/cartell_0/index.png]
[www.materiasensible.cat/es/itinerancias/ancb-aedes-network-campus-berlin-berlin/index.html]
[www.materiasensible.cat/en/clipping/vilaweb/index.html]
[www.materiasensible.cat/es/clipping/vilaweb/index.html]
[www.materiasensible.cat/en/clipping/agència-catalana-de-noticies/index.html]
[www.materiasensible.cat/es/clipping/agència-catalana-de-noticies/index.html]
[www.materiasensible.cat/en/clipping/gencat/index.html]
[www.materiasensible.cat/es/clipping/gencat/index.html]
[www.materiasensible.cat/en/clipping/institut-ramon-llull/index.html]
[www.materiasensible.cat/es/clipping/institut-ramon-llull/index.html]
[www.materiasensible.cat/en/clipping/la-vanguardia/index.html]
[www.materiasensible.cat/es/clipping/la-vanguardia/index.html]
[www.materiasensible.cat/en/clipping/el-país/index.html]
[www.materiasensible.cat/es/clipping/el-país/index.html]
[www.materiasensible.cat/en/clipping/europa-press/index.html]
[www.materiasensible.cat/es/clipping/europa-press/index.html]
[www.materiasensible.cat/en/clipping/ancb/index.html]
[www.materiasensible.cat/es/clipping/ancb/index.html]
[www.materiasensible.cat/en/node/13/index.html]
[www.materiasensible.cat/es/itinerancias/etsac-escuela-técnica-superior-de-arquitectura-de-coruñ-coruñ-españ/index.html]
[www.materiasensible.cat/en/clipping/coa-galicia/index.html]
[www.materiasensible.cat/es/clipping/coa-galicia/index.html]
[www.materiasensible.cat/en/clipping/detail/index.html]
[www.materiasensible.cat/es/clipping/detail/index.html]
[www.materiasensible.cat/en/clipping/plataforma-arquitectura/index.html]
[www.materiasensible.cat/es/clipping/plataforma-arquitectura/index.html]
[www.materiasensible.cat/en/clipping/ve-redes/index.html]
[www.materiasensible.cat/es/clipping/ve-redes/index.html]
[www.materiasensible.cat/en/clipping/tectónica-blog/index.html]
[www.materiasensible.cat/es/clipping/tectónica-blog/index.html]
[www.materiasensible.cat/en/clipping/extraradi-com-ràdio/index.html]
[www.materiasensible.cat/es/clipping/extraradi-com-ràdio/index.html]
[www.materiasensible.cat/en/node/14/index.html]
[www.materiasensible.cat/es/itinerancias/galeria-nogo-lisboa-portugal/index.html]
[www.materiasensible.cat/en/clipping/diari-avui/index.html]
[www.materiasensible.cat/es/clipping/diari-avui/index.html]
[www.materiasensible.cat/en/clipping/diario-público/index.html]
[www.materiasensible.cat/es/clipping/diario-público/index.html]
[www.materiasensible.cat/en/clipping/icat-fm/index.html]
[www.materiasensible.cat/es/clipping/icat-fm/index.html]
[www.materiasensible.cat/en/clipping/scalae/index.html]
[www.materiasensible.cat/es/clipping/scalae/index.html]
[www.materiasensible.cat/en/clipping/arqa/index.html]
[www.materiasensible.cat/es/clipping/arqa/index.html]
[www.materiasensible.cat/en/clipping/tectónica/index.html]
[www.materiasensible.cat/es/clipping/tectónica/index.html]
[www.materiasensible.cat/en/clipping/archtlas/index.html]
[www.materiasensible.cat/es/clipping/archtlas/index.html]
[www.materiasensible.cat/cdn-cgi/styles/fonts/opensans-300/index.woff]
[www.materiasensible.cat/cdn-cgi/styles/fonts/opensans-300/index.ttf]
[www.materiasensible.cat/cdn-cgi/styles/fonts/opensans-300/index.eot]
[www.materiasensible.cat/cdn-cgi/styles/fonts/opensans-300/index.svg]
[www.materiasensible.cat/cdn-cgi/styles/fonts/opensans-400/index.eot]
[www.materiasensible.cat/cdn-cgi/styles/fonts/opensans-400/index-2.eot]
[www.materiasensible.cat/cdn-cgi/styles/fonts/opensans-400/index.ttf]
[www.materiasensible.cat/cdn-cgi/styles/fonts/opensans-400/index.woff]
[www.materiasensible.cat/cdn-cgi/styles/fonts/opensans-300/index-2.eot]
[www.materiasensible.cat/cdn-cgi/styles/fonts/opensans-400/index.svg]
[www.materiasensible.cat/cdn-cgi/styles/fonts/opensans-600/index.eot]
[www.materiasensible.cat/cdn-cgi/styles/fonts/opensans-600/index.ttf]
[www.materiasensible.cat/cdn-cgi/styles/fonts/opensans-600/index.woff]
[www.materiasensible.cat/cdn-cgi/styles/fonts/opensans-600/index.svg]
[www.materiasensible.cat/cdn-cgi/styles/fonts/opensans-700/index.eot]
[www.materiasensible.cat/cdn-cgi/styles/fonts/opensans-600/index-2.eot]
[www.materiasensible.cat/cdn-cgi/styles/fonts/opensans-700/index-2.eot]
[www.materiasensible.cat/cdn-cgi/styles/fonts/opensans-700/index.ttf]
[www.materiasensible.cat/cdn-cgi/styles/fonts/opensans-700/index.woff]
[www.materiasensible.cat/cdn-cgi/styles/fonts/opensans-700/index.svg]
[www.materiasensible.cat/cdn-cgi/styles/fonts/opensans-300i/index.woff]
[www.materiasensible.cat/cdn-cgi/styles/fonts/opensans-300i/index.ttf]
[www.materiasensible.cat/cdn-cgi/styles/fonts/opensans-300i/index.eot]
[www.materiasensible.cat/cdn-cgi/styles/fonts/opensans-300i/index.svg]
[www.materiasensible.cat/cdn-cgi/styles/fonts/opensans-400i/index.woff]
[www.materiasensible.cat/cdn-cgi/styles/fonts/opensans-400i/index.ttf]
[www.materiasensible.cat/cdn-cgi/styles/fonts/opensans-400i/index.eot]
[www.materiasensible.cat/cdn-cgi/styles/fonts/opensans-400i/index.svg]
[www.materiasensible.cat/cdn-cgi/images/error_icons/index.png]
[www.materiasensible.cat/cdn-cgi/styles/fonts/opensans-300i/index-2.eot]
[www.materiasensible.cat/cdn-cgi/images/icon-exclamation/index.png]
[www.materiasensible.cat/cdn-cgi/styles/cf.errors/index.css]
[www.materiasensible.cat/cdn-cgi/images/browser-bar/index.png]
[www.materiasensible.cat/en/document/improvisation/index.html]
[www.materiasensible.cat/es/document/improvisation/index.html]
[www.materiasensible.cat/en/document/contemporary-condition-and-new-paradigms/index.html]
[www.materiasensible.cat/en/node/133/index.html]
[www.materiasensible.cat/es/document/texto-pie-de-tres-notas/index.html]
[www.materiasensible.cat/es/document/contemporary-condition-and-new-paradigms/index.html]
[www.materiasensible.cat/sites/default/files/css/css_0e02b4030722a7a882d3fdc0b47508cc/index.css]
[www.materiasensible.cat/en/node/112/index.html]
[www.materiasensible.cat/es/node/112/index.html]
[www.materiasensible.cat/en/obres/cine-lídia/index.html]
[www.materiasensible.cat/es/node/110/index.html]
[www.materiasensible.cat/en/obres/capsa-habitable/index.html]
[www.materiasensible.cat/es/node/108/index.html]
[www.materiasensible.cat/es/node/107/index.html]
[www.materiasensible.cat/en/obres/gimnàs-704/index.html]
[www.materiasensible.cat/es/node/105/index.html]
[www.materiasensible.cat/en/obres/house-205/index.html]
[www.materiasensible.cat/es/node/103/index.html]
[www.materiasensible.cat/en/obres/house-bunyola/index.html]
[www.materiasensible.cat/es/obres/casa-en-bunyola/index.html]
[www.materiasensible.cat/en/obres/estudi-del-pintor-damià-jaume/index.html]
[www.materiasensible.cat/es/obres/estudio-del-pintor-damià-jaume/index.html]
[www.materiasensible.cat/en/obres/dwellings-barcelona/index.html]
[www.materiasensible.cat/es/node/95/index.html]
[www.materiasensible.cat/es/node/94/index.html]
[www.materiasensible.cat/en/obres/escola-bressol/index.html]
[www.materiasensible.cat/es/node/93/index.html]
[www.materiasensible.cat/en/node/129/index.html]
[www.materiasensible.cat/sites/default/files/css/css_8e84ae2181bea53d02a5d7db98fc98e4/index.css]
[www.materiasensible.cat/ca/taxonomy/term/22/0/feed/index.html]
[www.materiasensible.cat/misc/feed/index.png]
[www.materiasensible.cat/ca/category/agents-obres/arquitectura/index.html]
[www.materiasensible.cat/cdn-cgi/styles/fonts/opensans-400i/index-2.eot]
[www.materiasensible.cat/ca/category/tipus-dimatge/arquitectura/david-sebastian/index.html]
[www.materiasensible.cat/sites/default/files/imagecache/Lateral_dret/batllo_n7x268990_copy/index.jpg]
[www.materiasensible.cat/es/category/tipus-dimatge/arquitectura/david-sebastian/index.html]
[www.materiasensible.cat/en/node/113/index.html]
[www.materiasensible.cat/ca/arquitectes/david-sebastian/index.html]
[www.materiasensible.cat/es/node/92/index.html]
[www.materiasensible.cat/en/obres/casa-sant-feliu/index.html]
[www.materiasensible.cat/es/obres/casa-sant-feliu/index.html]
[www.materiasensible.cat/es/node/88/index.html]
[www.materiasensible.cat/en/obres/restaurant-can-jeroni/index.html]
[www.materiasensible.cat/es/node/86/index.html]
[www.materiasensible.cat/es/node/84/index.html]
[www.materiasensible.cat/es/node/83/index.html]
[www.materiasensible.cat/es/node/82/index.html]
[www.materiasensible.cat/es/node/81/index.html]
[www.materiasensible.cat/es/node/113/index.html]
[www.materiasensible.cat/ca/taxonomy/term/21/0/feed/index.html]
[www.materiasensible.cat/ca/category/tipus-dimatge/arquitectura/eduard-callís/index.html]
[www.materiasensible.cat/es/category/tipus-dimatge/arquitectura/eduard-callís/index.html]
[www.materiasensible.cat/ca/taxonomy/term/20/0/feed/index.html]
[www.materiasensible.cat/ca/category/tipus-dimatge/arquitectura/guillem-moliner/index.html]
[www.materiasensible.cat/ca/taxonomy/term/19/0/feed/index.html]
[www.materiasensible.cat/es/category/tipus-dimatge/arquitectura/guillem-moliner/index.html]
[www.materiasensible.cat/ca/category/tipus-dimatge/arquitectura/unparelldarquitectes/index.html]
[www.materiasensible.cat/en/obres/el-pis-den-quim/index.html]
[www.materiasensible.cat/es/node/80/index.html]
[www.materiasensible.cat/en/node/136/index-2.html]
[www.materiasensible.cat/en/node/136/index-3.html]
[www.materiasensible.cat/es/category/tipus-dimatge/arquitectura/unparelldarquitectes/index.html]
[www.materiasensible.cat/en/node/136/index-4.html]
[www.materiasensible.cat/en/user/1/index.html]
[www.materiasensible.cat/en/node/31/index.html]
[www.materiasensible.cat/es/node/31/index.html]
[www.materiasensible.cat/en/node/33/index.html]
[www.materiasensible.cat/es/node/33/index.html]
[www.materiasensible.cat/en/node/34/index.html]
[www.materiasensible.cat/es/node/34/index.html]
[www.materiasensible.cat/en/node/136/index-5.html]
[www.materiasensible.cat/en/user/1/signups/index.html]
[www.materiasensible.cat/en/taxonomy/term/22/0/feed/index.html]
[www.materiasensible.cat/en/category/tipus-dimatge/arquitectura/david-sebastian/index.html]
[www.materiasensible.cat/en/node/36/index.html]
[www.materiasensible.cat/es/node/36/index.html]
[www.materiasensible.cat/en/node/37/index.html]
[www.materiasensible.cat/es/node/37/index.html]
[www.materiasensible.cat/en/node/35/index.html]
[www.materiasensible.cat/es/node/35/index.html]
[www.materiasensible.cat/en/node/38/index.html]
[www.materiasensible.cat/es/node/38/index.html]
[www.materiasensible.cat/en/node/32/index.html]
[www.materiasensible.cat/es/node/32/index.html]
[www.materiasensible.cat/en/category/agents-obres/arquitectura/index.html]
[www.materiasensible.cat/sites/default/files/imagecache/avatar_gran/clipping/www.metalocus.es_2012-7-4_18235_2/index.png]
[www.materiasensible.cat/en/rss/index.xml]
[www.materiasensible.cat/sites/default/files/imagecache/avatar_gran/clipping/tectonicablog.com_2012-7-2_112455/index.png]
[www.materiasensible.cat/sites/default/files/imagecache/avatar_gran/clipping/ccaa_el_pais_-_estil_o_discurs/index.png]
[www.materiasensible.cat/en/node/132/index.html]
[www.materiasensible.cat/sites/default/files/imagecache/avatar_gran/clipping/www.europapress.cat_2012-6-14_152430/index.png]
[www.materiasensible.cat/en/category/agents/comissaris-locals/index.html]
[www.materiasensible.cat/sites/default/files/imagecache/avatar_gran/clipping/cultura.elpais.com_2012-6-14_152229/index.png]
[www.materiasensible.cat/sites/default/files/imagecache/avatar_gran/clipping/www.vilaweb.cat_2012-6-14_152144/index.png]
[www.materiasensible.cat/en/node/index1.html]
[www.materiasensible.cat/en/node/index2.html]
[www.materiasensible.cat/en/node/index3.html]
[www.materiasensible.cat/en/node/index4.html]
[www.materiasensible.cat/en/node/index5.html]
[www.materiasensible.cat/en/node/index6.html]
[www.materiasensible.cat/en/node/index.html]
[www.materiasensible.cat/en/arquitectes/teda/index.html]
[www.materiasensible.cat/es/node/39/index.html]
[www.materiasensible.cat/en/node/40/index.html]
[www.materiasensible.cat/es/node/40/index.html]
[www.materiasensible.cat/ca/node/index.html]
[www.materiasensible.cat/en/category/tipus-dimatge/arquitectura/eduard-callís/index.html]
[www.materiasensible.cat/es/node/index.html]
[www.materiasensible.cat/en/taxonomy/term/21/0/feed/index.html]
[www.materiasensible.cat/en/category/tipus-dimatge/arquitectura/guillem-moliner/index.html]
[www.materiasensible.cat/en/taxonomy/term/20/0/feed/index.html]
[www.materiasensible.cat/en/category/tipus-dimatge/arquitectura/unparelldarquitectes/index.html]
[www.materiasensible.cat/en/exhibition/_/en/node/31_/index.html]
[www.materiasensible.cat/en/exhibition/_/en/node/33_/index.html]
[www.materiasensible.cat/en/exhibition/_/en/node/34_/index.html]
[www.materiasensible.cat/en/exhibition/_/en/node/36_/index.html]
[www.materiasensible.cat/en/exhibition/_/en/node/37_/index.html]
[www.materiasensible.cat/en/exhibition/_/en/node/35_/index.html]
[www.materiasensible.cat/en/exhibition/_/en/node/38_/index.html]
[www.materiasensible.cat/en/exhibition/_/en/node/32_/index.html]
[www.materiasensible.cat/en/exhibition/_/en/arquitectes/teda_/index.html]
[www.materiasensible.cat/en/exhibition/_/en/node/40_/index.html]
[www.materiasensible.cat/es/_/es/node/31_/index.html]
[www.materiasensible.cat/es/_/es/node/33_/index.html]
[www.materiasensible.cat/es/_/es/node/34_/index.html]
[www.materiasensible.cat/es/_/es/node/36_/index.html]
[www.materiasensible.cat/es/_/es/node/37_/index.html]
[www.materiasensible.cat/es/_/es/node/35_/index.html]
[www.materiasensible.cat/es/_/es/node/38_/index.html]
[www.materiasensible.cat/es/_/es/node/32_/index.html]
[www.materiasensible.cat/es/_/es/node/39_/index.html]
[www.materiasensible.cat/es/_/es/node/40_/index.html]
[www.materiasensible.cat/ca/itinerancies/col·legi-darquitectes-de-catalunya-barcelona/index-4.html]
[www.materiasensible.cat/ca/itinerancies/col·legi-darquitectes-de-catalunya-barcelona/index-5.html]
[www.materiasensible.cat/en/taxonomy/term/19/0/feed/index.html]
[www.materiasensible.cat/sites/all/modules/views/js/base/index.js]
[www.materiasensible.cat/sites/all/modules/views/js/dependent/index.js]
[www.materiasensible.cat/ca/user/1/signups/available/index.html]
[www.materiasensible.cat/ca/user/1/signups/index.html]
[www.materiasensible.cat/es/user/1/index.html]
[www.materiasensible.cat/es/user/1/signups/index.html]
[www.materiasensible.cat/es/node/136/index-2.html]
[www.materiasensible.cat/es/node/136/index-3.html]
[www.materiasensible.cat/en/clipping/index.html]
[www.materiasensible.cat/es/clipping/index.html]
[www.materiasensible.cat/es/node/136/index-4.html]
[www.materiasensible.cat/es/node/136/index-5.html]
[www.materiasensible.cat/cdn-cgi/styles/fonts/opensans-300/index.svg]
[www.materiasensible.cat/cdn-cgi/styles/fonts/opensans-400/index.svg]
[www.materiasensible.cat/cdn-cgi/styles/fonts/opensans-600/index.svg]
[www.materiasensible.cat/cdn-cgi/styles/fonts/opensans-700/index.svg]
[www.materiasensible.cat/cdn-cgi/styles/fonts/opensans-300i/index.svg]
[www.materiasensible.cat/cdn-cgi/styles/fonts/opensans-400i/index.svg]
[www.materiasensible.cat/en/node/129/index.html]
[www.materiasensible.cat/sites/default/files/css/css_8e84ae2181bea53d02a5d7db98fc98e4/index.css]
[www.materiasensible.cat/en/node/48/index.html]
[www.materiasensible.cat/ca/taxonomy/term/16/0/feed/index.html]
[www.materiasensible.cat/sites/default/files/css/css_7e8caaa9e7e5b96d03aa9b924c617e21/index.css]
[www.materiasensible.cat/ca/category/agents-obres/arquitectura/index.html]
[www.materiasensible.cat/es/category/agents-obres/arquitectura/index.html]
[www.materiasensible.cat/es/category/tipus-dimatge/arquitectura/david-sebastian/index.html]
[www.materiasensible.cat/en/node/113/index.html]
[www.materiasensible.cat/es/node/113/index.html]
[www.materiasensible.cat/es/taxonomy/term/22/0/feed/index.html]
[www.materiasensible.cat/es/category/tipus-dimatge/arquitectura/eduard-callís/index.html]
[www.materiasensible.cat/es/taxonomy/term/21/0/feed/index.html]
[www.materiasensible.cat/es/category/tipus-dimatge/arquitectura/guillem-moliner/index.html]
[www.materiasensible.cat/es/taxonomy/term/20/0/feed/index.html]
[www.materiasensible.cat/es/category/tipus-dimatge/arquitectura/unparelldarquitectes/index.html]
[www.materiasensible.cat/en/node/136/index-4.html]
[www.materiasensible.cat/en/node/136/index-5.html]
[www.materiasensible.cat/es/taxonomy/term/19/0/feed/index.html]
[www.materiasensible.cat/en/user/1/signups/index.html]
[www.materiasensible.cat/en/user/1/signups/available/index.html]
[www.materiasensible.cat/en/category/agents-obres/arquitectura/index.html]
[www.materiasensible.cat/en/taxonomy/term/16/0/feed/index.html]
[www.materiasensible.cat/ca/agents/carlos-quintáns-carlos-pita/index.html]
[www.materiasensible.cat/en/node/132/index.html]
[www.materiasensible.cat/es/node/132/index.html]
[www.materiasensible.cat/en/taxonomy/term/3/0/feed/index.html]
[www.materiasensible.cat/en/agents/something-fantastic/index.html]
[www.materiasensible.cat/en/node/16/index.html]
[www.materiasensible.cat/ca/category/agents/comissaris-locals/index.html]
[www.materiasensible.cat/en/category/agents/comissaris-locals/index.html]
[www.materiasensible.cat/es/category/agents/comissaris-locals/index.html]
[www.materiasensible.cat/sites/default/files/imagecache/avatar_gran/clipping/www.lavanguardia.com_2012-6-14_152010/index.png]
[www.materiasensible.cat/sites/default/files/imagecache/avatar_gran/clipping/www.llull_.cat_2012-6-14_151824/index.png]
[www.materiasensible.cat/sites/default/files/imagecache/avatar_gran/clipping/gencat/index.png]
[www.materiasensible.cat/sites/default/files/imagecache/avatar_gran/clipping/arqa/index.png]
[www.materiasensible.cat/sites/default/files/imagecache/avatar_gran/clipping/publico_interior_paper/index.jpg]
[www.materiasensible.cat/sites/default/files/imagecache/avatar_gran/clipping/tectonicablog_materia_sensible_10_arquitectes_joves_catalans_1276522577454/index.png]
[www.materiasensible.cat/sites/default/files/imagecache/avatar_gran/clipping/icat_fm_musica_i_cultura_per_radio_i_internet._amb_icatjazz_musicatles_totcat_mediterradio_i_xahrazad_1277132279116/index.png]
[www.materiasensible.cat/sites/default/files/imagecache/avatar_gran/clipping/scalae_materia_sensible_10_arquitectos_jovenes_catalanes_1276674743345/index.png]
[www.materiasensible.cat/en/node/index1.html]
[www.materiasensible.cat/en/node/index2.html]
[www.materiasensible.cat/en/node/index3.html]
[www.materiasensible.cat/en/node/index-2.html]
[www.materiasensible.cat/en/agents/vora-arquitectura/index.html]
[www.materiasensible.cat/en/category/agents/disseny-expositiu/index.html]
[www.materiasensible.cat/en/node/62/index.html]
[www.materiasensible.cat/en/category/agents/disseny-gràfic/index.html]
[www.materiasensible.cat/en/agents/carlos-cámara/index.html]
[www.materiasensible.cat/en/category/agents/comissaris/index.html]
[www.materiasensible.cat/en/agents/joan-vitòria/index.html]
[www.materiasensible.cat/en/agents/pere-buil/index.html]
[www.materiasensible.cat/sites/default/files/imagecache/avatar_gran/clipping/aedes_0/index.png]
[www.materiasensible.cat/sites/default/files/img/obres/casa/index-2.jpg]
[www.materiasensible.cat/sites/default/files/img/obres/bosch-capdeferro/index-2.jpg]
[www.materiasensible.cat/en/imatge/casa-passiva/index.html]
[www.materiasensible.cat/en/node/index4.html]
[www.materiasensible.cat/en/category/tipus-dimatge/obres/index.html]
[www.materiasensible.cat/en/imatge/nogo/index.html]
[www.materiasensible.cat/en/category/tipus-dimatge/itineràncies/index.html]
[www.materiasensible.cat/en/category/tipus-dimatge/itineràncies/nogo/index.html]
[www.materiasensible.cat/sites/default/files/imagecache/avatar_gran/clipping/materia_sensible_arquitectos_jovenes_catalanes__archtlas_1294345800823/index.png]
[www.materiasensible.cat/sites/default/files/imagecache/avatar_gran/clipping/materia_sensible_jovenes_arquitectos_catalanes_/index.png]
[www.materiasensible.cat/sites/default/files/imagecache/avatar_gran/clipping/tectonica_a_coruna/index.png]
[www.materiasensible.cat/sites/default/files/imagecache/avatar_gran/clipping/plataforma_arquitectura/index.png]
[www.materiasensible.cat/sites/default/files/imagecache/avatar_gran/clipping/coag/index.png]
[www.materiasensible.cat/sites/default/files/imagecache/avatar_gran/clipping/01avui_043/index.png]
[www.materiasensible.cat/sites/default/files/imagecache/avatar_gran/clipping/439output/index.png]
[www.materiasensible.cat/sites/default/files/imagecache/avatar_gran/clipping/veredes_1290085986494/index.png]
[www.materiasensible.cat/en/node/19/index.html]
[www.materiasensible.cat/en/node/index5.html]
[www.materiasensible.cat/en/category/agents/comunicació/index.html]
[www.materiasensible.cat/en/node/18/index.html]
[www.materiasensible.cat/en/category/agents/gestió-i-finançament/index.html]
[www.materiasensible.cat/en/node/17/index.html]
[www.materiasensible.cat/en/category/agents/realització-audiovisual/index.html]
[www.materiasensible.cat/en/node/index6.html]
[www.materiasensible.cat/en/node/15/index.html]
[www.materiasensible.cat/en/category/agents/impulsor/index.html]
[www.materiasensible.cat/ca/rss/index.xml]
[www.materiasensible.cat/ca/node/index1.html]
[www.materiasensible.cat/ca/node/index2.html]
[www.materiasensible.cat/ca/node/index3.html]
[www.materiasensible.cat/ca/node/index4.html]
[www.materiasensible.cat/ca/node/index5.html]
[www.materiasensible.cat/ca/node/index.html]
[www.materiasensible.cat/ca/node/index6.html]
[www.materiasensible.cat/es/agents/carlos-cámara/index.html]
[www.materiasensible.cat/es/rss/index.xml]
[www.materiasensible.cat/es/category/agents/comissaris/index.html]
[www.materiasensible.cat/es/node/index1.html]
[www.materiasensible.cat/es/node/index2.html]
[www.materiasensible.cat/es/node/index3.html]
[www.materiasensible.cat/es/node/index4.html]
[www.materiasensible.cat/es/node/index.html]
[www.materiasensible.cat/es/node/index5.html]
[www.materiasensible.cat/ca/user/1/signups/available/index.html]
[www.materiasensible.cat/es/user/1/signups/index.html]
[www.materiasensible.cat/es/node/136/index-4.html]
[www.materiasensible.cat/es/node/136/index-5.html]
[www.materiasensible.cat/en/node/48/index.html]
[www.materiasensible.cat/sites/default/files/css/css_7e8caaa9e7e5b96d03aa9b924c617e21/index.css]
[www.materiasensible.cat/es/node/index6.html]
[www.materiasensible.cat/es/user/1/signups/available/index.html]
[www.materiasensible.cat/es/category/agents-obres/arquitectura/index.html]
[www.materiasensible.cat/en/user/1/signups/available/index.html]
[www.materiasensible.cat/ca/agents/carlos-quintáns-carlos-pita/index.html]
[www.materiasensible.cat/es/node/132/index.html]
[www.materiasensible.cat/es/taxonomy/term/16/0/feed/index.html]
[www.materiasensible.cat/ca/agents/something-fantastic/index.html]
[www.materiasensible.cat/en/agents/something-fantastic/index.html]
[www.materiasensible.cat/es/agents/something-fantastic/index.html]
[www.materiasensible.cat/en/node/16/index.html]
[www.materiasensible.cat/ca/agents/rui-mendes/index.html]
[www.materiasensible.cat/es/node/16/index.html]
[www.materiasensible.cat/ca/category/agents/comissaris-locals/index.html]
[www.materiasensible.cat/ca/taxonomy/term/3/0/feed/index.html]
[www.materiasensible.cat/es/category/agents/comissaris-locals/index.html]
[www.materiasensible.cat/en/node/index-2.html]
[www.materiasensible.cat/es/taxonomy/term/3/0/feed/index.html]
[www.materiasensible.cat/en/agents/vora-arquitectura/index.html]
[www.materiasensible.cat/ca/agents/vora-arquitectura/index.html]
[www.materiasensible.cat/es/agents/vora-arquitectura/index.html]
[www.materiasensible.cat/en/taxonomy/term/15/0/feed/index.html]
[www.materiasensible.cat/en/category/agents/disseny-expositiu/index.html]
[www.materiasensible.cat/ca/category/agents/disseny-expositiu/index.html]
[www.materiasensible.cat/es/category/agents/disseny-expositiu/index.html]
[www.materiasensible.cat/en/node/62/index.html]
[www.materiasensible.cat/ca/agents/toormix/index.html]
[www.materiasensible.cat/es/node/20/index.html]
[www.materiasensible.cat/en/taxonomy/term/6/0/feed/index.html]
[www.materiasensible.cat/en/category/agents/disseny-gràfic/index.html]
[www.materiasensible.cat/ca/category/agents/disseny-gràfic/index.html]
[www.materiasensible.cat/en/agents/carlos-cámara/index.html]
[www.materiasensible.cat/es/category/agents/disseny-gràfic/index.html]
[www.materiasensible.cat/ca/agents/carlos-cámara/index.html]
[www.materiasensible.cat/en/taxonomy/term/1/0/feed/index.html]
[www.materiasensible.cat/en/category/agents/comissaris/index.html]
[www.materiasensible.cat/ca/category/agents/comissaris/index.html]
[www.materiasensible.cat/ca/node/12/index.html]
[www.materiasensible.cat/en/agents/joan-vitòria/index.html]
[www.materiasensible.cat/es/node/78/index.html]
[www.materiasensible.cat/en/agents/pere-buil/index.html]
[www.materiasensible.cat/ca/node/11/index.html]
[www.materiasensible.cat/es/agents/pere-buil/index.html]
[www.materiasensible.cat/ca/imatge/casa-passiva/index.html]
[www.materiasensible.cat/en/imatge/casa-passiva/index.html]
[www.materiasensible.cat/es/imatge/casa-passiva/index.html]
[www.materiasensible.cat/en/taxonomy/term/8/0/feed/index.html]
[www.materiasensible.cat/ca/category/tipus-dimatge/obres/index.html]
[www.materiasensible.cat/en/category/tipus-dimatge/obres/index.html]
[www.materiasensible.cat/es/category/tipus-dimatge/obres/index.html]
[www.materiasensible.cat/ca/imatge/nogo/index.html]
[www.materiasensible.cat/en/imatge/nogo/index.html]
[www.materiasensible.cat/es/imatge/nogo/index.html]
[www.materiasensible.cat/en/taxonomy/term/9/0/feed/index.html]
[www.materiasensible.cat/ca/category/tipus-dimatge/itineràncies/index.html]
[www.materiasensible.cat/en/category/tipus-dimatge/itineràncies/index.html]
[www.materiasensible.cat/es/category/tipus-dimatge/itineràncies/index.html]
[www.materiasensible.cat/en/taxonomy/term/12/0/feed/index.html]
[www.materiasensible.cat/ca/category/tipus-dimatge/itineràncies/nogo/index.html]
[www.materiasensible.cat/en/category/tipus-dimatge/itineràncies/nogo/index.html]
[www.materiasensible.cat/es/category/tipus-dimatge/itineràncies/nogo/index.html]
[www.materiasensible.cat/ca/agents/laura-bayo/index.html]
[www.materiasensible.cat/en/node/19/index.html]
[www.materiasensible.cat/es/node/19/index.html]
[www.materiasensible.cat/en/taxonomy/term/4/0/feed/index.html]
[www.materiasensible.cat/ca/category/agents/comunicació/index.html]
[www.materiasensible.cat/en/category/agents/comunicació/index.html]
[www.materiasensible.cat/es/category/agents/comunicació/index.html]
[www.materiasensible.cat/ca/agents/nèlida-falcó/index.html]
[www.materiasensible.cat/en/node/18/index.html]
[www.materiasensible.cat/es/node/18/index.html]
[www.materiasensible.cat/en/taxonomy/term/5/0/feed/index.html]
[www.materiasensible.cat/ca/category/agents/gestió-i-finançament/index.html]
[www.materiasensible.cat/en/category/agents/gestió-i-finançament/index.html]
[www.materiasensible.cat/es/category/agents/gestió-i-finançament/index.html]
[www.materiasensible.cat/ca/agents/adriana-salvat-torregrosa/index.html]
[www.materiasensible.cat/en/node/17/index.html]
[www.materiasensible.cat/es/node/17/index.html]
[www.materiasensible.cat/en/taxonomy/term/7/0/feed/index.html]
[www.materiasensible.cat/ca/category/agents/realització-audiovisual/index.html]
[www.materiasensible.cat/en/category/agents/realització-audiovisual/index.html]
[www.materiasensible.cat/es/category/agents/realització-audiovisual/index.html]
[www.materiasensible.cat/ca/agents/pedro-duarte-bento/index.html]
[www.materiasensible.cat/en/node/15/index.html]
[www.materiasensible.cat/es/node/15/index.html]
[www.materiasensible.cat/en/taxonomy/term/2/0/feed/index.html]
[www.materiasensible.cat/ca/category/agents/impulsor/index.html]
[www.materiasensible.cat/en/category/agents/impulsor/index.html]
[www.materiasensible.cat/es/category/agents/impulsor/index.html]
[www.materiasensible.cat/ca/node/index1.html]
[www.materiasensible.cat/ca/node/index2.html]
[www.materiasensible.cat/ca/node/index3.html]
[www.materiasensible.cat/ca/node/index4.html]
[www.materiasensible.cat/ca/node/index5.html]
[www.materiasensible.cat/ca/node/index6.html]
[www.materiasensible.cat/es/agents/carlos-cámara/index.html]
[www.materiasensible.cat/ca/node/index-2.html]
[www.materiasensible.cat/es/category/agents/comissaris/index.html]
[www.materiasensible.cat/es/taxonomy/term/1/0/feed/index.html]
[www.materiasensible.cat/es/node/index1.html]
[www.materiasensible.cat/es/node/index2.html]
[www.materiasensible.cat/es/node/index3.html]
[www.materiasensible.cat/es/node/index4.html]
[www.materiasensible.cat/es/node/index5.html]
[www.materiasensible.cat/es/node/index6.html]
[www.materiasensible.cat/es/user/1/signups/available/index.html]
[www.materiasensible.cat/ca/agents/something-fantastic/index.html]
[www.materiasensible.cat/es/agents/something-fantastic/index.html]
[www.materiasensible.cat/ca/agents/rui-mendes/index.html]
[www.materiasensible.cat/es/node/16/index.html]
[www.materiasensible.cat/ca/agents/vora-arquitectura/index.html]
[www.materiasensible.cat/es/agents/vora-arquitectura/index.html]
[www.materiasensible.cat/es/node/index-2.html]
[www.materiasensible.cat/ca/category/agents/disseny-expositiu/index.html]
[www.materiasensible.cat/ca/taxonomy/term/15/0/feed/index.html]
[www.materiasensible.cat/es/category/agents/disseny-expositiu/index.html]
[www.materiasensible.cat/ca/agents/toormix/index.html]
[www.materiasensible.cat/es/node/20/index.html]
[www.materiasensible.cat/es/taxonomy/term/15/0/feed/index.html]
[www.materiasensible.cat/ca/category/agents/disseny-gràfic/index.html]
[www.materiasensible.cat/ca/taxonomy/term/6/0/feed/index.html]
[www.materiasensible.cat/es/category/agents/disseny-gràfic/index.html]
[www.materiasensible.cat/ca/agents/carlos-cámara/index.html]
[www.materiasensible.cat/es/taxonomy/term/6/0/feed/index.html]
[www.materiasensible.cat/ca/category/agents/comissaris/index.html]
[www.materiasensible.cat/ca/node/12/index.html]
[www.materiasensible.cat/es/node/78/index.html]
[www.materiasensible.cat/ca/node/11/index.html]
[www.materiasensible.cat/es/agents/pere-buil/index.html]
[www.materiasensible.cat/ca/imatge/casa-passiva/index.html]
[www.materiasensible.cat/es/imatge/casa-passiva/index.html]
[www.materiasensible.cat/ca/taxonomy/term/1/0/feed/index.html]
[www.materiasensible.cat/ca/category/tipus-dimatge/obres/index.html]
[www.materiasensible.cat/ca/taxonomy/term/8/0/feed/index.html]
[www.materiasensible.cat/es/category/tipus-dimatge/obres/index.html]
[www.materiasensible.cat/ca/imatge/nogo/index.html]
[www.materiasensible.cat/es/imatge/nogo/index.html]
[www.materiasensible.cat/es/taxonomy/term/8/0/feed/index.html]
[www.materiasensible.cat/ca/category/tipus-dimatge/itineràncies/index.html]
[www.materiasensible.cat/ca/taxonomy/term/9/0/feed/index.html]
[www.materiasensible.cat/es/category/tipus-dimatge/itineràncies/index.html]
[www.materiasensible.cat/es/taxonomy/term/9/0/feed/index.html]
[www.materiasensible.cat/ca/category/tipus-dimatge/itineràncies/nogo/index.html]
[www.materiasensible.cat/ca/taxonomy/term/12/0/feed/index.html]
[www.materiasensible.cat/es/category/tipus-dimatge/itineràncies/nogo/index.html]
[www.materiasensible.cat/ca/agents/laura-bayo/index.html]
[www.materiasensible.cat/es/node/19/index.html]
[www.materiasensible.cat/es/taxonomy/term/12/0/feed/index.html]
[www.materiasensible.cat/ca/category/agents/comunicació/index.html]
[www.materiasensible.cat/ca/taxonomy/term/4/0/feed/index.html]
[www.materiasensible.cat/es/category/agents/comunicació/index.html]
[www.materiasensible.cat/ca/agents/nèlida-falcó/index.html]
[www.materiasensible.cat/es/node/18/index.html]
[www.materiasensible.cat/es/taxonomy/term/4/0/feed/index.html]
[www.materiasensible.cat/ca/category/agents/gestió-i-finançament/index.html]
[www.materiasensible.cat/ca/taxonomy/term/5/0/feed/index.html]
[www.materiasensible.cat/es/category/agents/gestió-i-finançament/index.html]
[www.materiasensible.cat/ca/agents/adriana-salvat-torregrosa/index.html]
[www.materiasensible.cat/es/node/17/index.html]
[www.materiasensible.cat/es/taxonomy/term/5/0/feed/index.html]
[www.materiasensible.cat/ca/category/agents/realització-audiovisual/index.html]
[www.materiasensible.cat/ca/taxonomy/term/7/0/feed/index.html]
[www.materiasensible.cat/es/category/agents/realització-audiovisual/index.html]
[www.materiasensible.cat/ca/agents/pedro-duarte-bento/index.html]
[www.materiasensible.cat/es/node/15/index.html]
[www.materiasensible.cat/es/taxonomy/term/7/0/feed/index.html]
[www.materiasensible.cat/ca/category/agents/impulsor/index.html]
[www.materiasensible.cat/ca/taxonomy/term/2/0/feed/index.html]
[www.materiasensible.cat/es/category/agents/impulsor/index.html]
[www.materiasensible.cat/ca/node/index-2.html]
[www.materiasensible.cat/es/node/index-2.html]
[www.materiasensible.cat/es/taxonomy/term/2/0/feed/index.html]
