[backblue.gif]
[fade.gif]
[index.html]
[www.materiasensible.cat/sites/default/files/imagecache/Logos/img/logos/ivanow/index.png]
[www.materiasensible.cat/sites/all/modules/jquery_update/replace/jquery.min/index.js]
[www.materiasensible.cat/misc/drupal/index.js]
[www.materiasensible.cat/sites/default/files/languages/ca_571c46babcfdff80648c139e5d7584b9/index.js]
[www.materiasensible.cat/sites/all/modules/google_analytics/googleanalytics/index.js]
[www.materiasensible.cat/sites/all/modules/lightbox2/js/auto_image_handling/index.js]
[www.materiasensible.cat/sites/all/modules/lightbox2/js/lightbox/index.js]
[www.materiasensible.cat/sites/all/modules/poormanscron/poormanscron/index.js]
[www.materiasensible.cat/sites/all/modules/views_slideshow/js/views_slideshow/index.js]
[www.materiasensible.cat/sites/all/themes/fusion/fusion_core/js/jquery.bgiframe.min/index.js]
[www.materiasensible.cat/sites/all/themes/fusion/fusion_core/js/hoverIntent/index.js]
[www.materiasensible.cat/ca/COAC/index.html]
[www.materiasensible.cat/sites/all/themes/fusion/fusion_core/js/supposition/index.js]
[www.materiasensible.cat/sites/all/themes/fusion/fusion_core/js/supersubs/index.js]
[www.materiasensible.cat/sites/default/files/imagecache/Logos/img/logos/coac/index.png]
[www.materiasensible.cat/sites/all/themes/fusion/fusion_core/js/superfish/index.js]
[www.materiasensible.cat/sites/all/themes/fusion/fusion_core/js/script/index.js]
[www.materiasensible.cat/sites/default/files/materia_sensible_logo/index.png]
[www.materiasensible.cat/ca/index.html]
[www.materiasensible.cat/sites/default/files/ms_web/index.jpg]
[www.materiasensible.cat/misc/tree/index.png]
[www.materiasensible.cat/misc/tree-bottom/index.png]
[www.materiasensible.cat/sites/default/files/imagecache/Logos/img/logos/irll/index.png]
[www.materiasensible.cat/misc/throbber/index.gif]
[www.materiasensible.cat/misc/menu-expanded/index.png]
[www.materiasensible.cat/misc/menu-collapsed/index.png]
[www.materiasensible.cat/misc/grippie/index.png]
[www.materiasensible.cat/misc/draggable/index.png]
[www.materiasensible.cat/misc/progress/index.gif]
[www.materiasensible.cat/misc/menu-leaf/index.png]
[www.materiasensible.cat/sites/all/modules/ctools/images/status-active/index.gif]
[www.materiasensible.cat/sites/all/modules/follow/icons/small/icon-facebook/index.png]
[www.materiasensible.cat/sites/all/modules/follow/icons/small/icon-myspace/index.png]
[www.materiasensible.cat/sites/all/modules/follow/icons/small/icon-virb/index.png]
[www.materiasensible.cat/sites/all/modules/follow/icons/small/icon-bliptv/index.png]
[www.materiasensible.cat/sites/all/modules/follow/icons/small/icon-lastfm/index.png]
[www.materiasensible.cat/sites/all/modules/follow/icons/small/icon-youtube/index.png]
[www.materiasensible.cat/sites/all/modules/follow/icons/small/icon-twitter/index.png]
[www.materiasensible.cat/sites/all/modules/follow/icons/small/icon-picasa/index.png]
[www.materiasensible.cat/sites/all/modules/follow/icons/small/icon-flickr/index.png]
[www.materiasensible.cat/sites/all/modules/follow/icons/small/icon-vimeo/index.png]
[www.materiasensible.cat/sites/all/modules/follow/icons/small/icon-linkedin/index.png]
[www.materiasensible.cat/sites/all/modules/follow/icons/small/icon-delicious/index.png]
[www.materiasensible.cat/sites/all/modules/follow/icons/small/icon-tumblr/index.png]
[www.materiasensible.cat/sites/all/modules/follow/icons/small/icon-feed/index.png]
[www.materiasensible.cat/sites/all/modules/follow/icons/small/icon-newsletter/index.png]
[www.materiasensible.cat/sites/all/modules/lightbox2/images/blank/index.gif]
[www.materiasensible.cat/sites/all/modules/lightbox2/images/prev/index.gif]
[www.materiasensible.cat/sites/all/modules/lightbox2/images/next/index.gif]
[www.materiasensible.cat/sites/all/modules/lightbox2/images/prev_hover/index.gif]
[www.materiasensible.cat/sites/all/modules/lightbox2/images/next_hover/index.gif]
[www.materiasensible.cat/sites/all/modules/lightbox2/images/overlay/index.png]
[www.materiasensible.cat/sites/all/modules/lightbox2/images/close/index.gif]
[www.materiasensible.cat/sites/all/modules/lightbox2/images/loading/index.gif]
[www.materiasensible.cat/sites/default/files/imagecache/Logos/img/logos/logo_footer_conca/index.png]
[www.materiasensible.cat/sites/default/files/imagecache/Logos/img/logos/archtlas/index.png]
[www.materiasensible.cat/sites/default/files/imagecache/Logos/img/logos/arquinfad_0/index.png]
[www.materiasensible.cat/sites/all/modules/lightbox2/images/expand/index.gif]
[www.materiasensible.cat/sites/all/modules/lightbox2/images/contract/index.gif]
[www.materiasensible.cat/sites/all/modules/lightbox2/images/play/index.png]
[www.materiasensible.cat/sites/all/modules/lightbox2/images/pause/index.png]
[www.materiasensible.cat/sites/all/modules/views/images/status-active/index.gif]
[www.materiasensible.cat/sites/all/themes/fusion/fusion_core/images/emblem-system/index.png]
[www.materiasensible.cat/sites/all/themes/fusion/fusion_core/images/text-x-generic-menu/index.png]
[www.materiasensible.cat/sites/all/themes/fusion/fusion_core/images/skinrpreviews/skinr-image-preview/index.png]
[www.materiasensible.cat/sites/all/themes/fusion/fusion_core/images/skinrpreviews/fusion-general-styles-fusion-callout/index.png]
[www.materiasensible.cat/sites/all/themes/fusion/fusion_core/images/skinrpreviews/fusion-general-styles-fusion-padding/index.png]
[www.materiasensible.cat/sites/default/files/imagecache/Logos/img/logos/et/index.png]
[www.materiasensible.cat/sites/all/themes/fusion/fusion_core/images/skinrpreviews/fusion-general-styles-fusion-border/index.png]
[www.materiasensible.cat/sites/default/files/imagecache/Logos/img/logos/ajac/index.png]
[www.materiasensible.cat/sites/all/themes/fusion/fusion_core/images/skinrpreviews/fusion-general-styles-bold-links/index.png]
[www.materiasensible.cat/sites/all/themes/fusion/fusion_core/images/skinrpreviews/fusion-general-styles-equal-heights/index.png]
[www.nauivanow.com/index/index.html]
[www.materiasensible.cat/sites/all/themes/fusion/fusion_core/images/skinrpreviews/list-styles-bottom-border/index.png]
[www.materiasensible.cat/sites/all/themes/fusion/fusion_core/images/skinrpreviews/list-styles-extra-vertical-spacing/index.png]
[www.materiasensible.cat/sites/all/themes/fusion/fusion_core/images/skinrpreviews/fusion-menu-fusion-inline-menu/index.png]
[www.materiasensible.cat/sites/all/themes/fusion/fusion_core/images/skinrpreviews/fusion-menu-fusion-multicol-menu/index.png]
[www.materiasensible.cat/sites/all/themes/fusion/fusion_core/images/skinrpreviews/fusion-superfish-superfish-vertical/index.png]
[www.materiasensible.cat/sites/all/themes/fusion/fusion_core/images/skinrpreviews/fusion-login-fusion-horiz-login/index.png]
[www.materiasensible.cat/sites/all/themes/fusion/fusion_core/images/arrows-ffffff/index.png]
[www.materiasensible.cat/sites/all/themes/fusion/fusion_core/images/shadow/index.png]
[www.materiasensible.cat/sites/all/themes/fusion/materia_sensible/css/GravuConReg/index.ttf]
[www.materiasensible.cat/sites/all/themes/fusion/materia_sensible/img/bkg/index.png]
[www.materiasensible.cat/sites/default/files/css/css_b6a092962440a5913b44a3e5f6d99b67/index.css]
[www.materiasensible.cat/sites/all/themes/fusion/fusion_core/css/grid16-960/index.css]
[www.materiasensible.cat/sites/all/themes/fusion/materia_sensible/css/local/index.css]
[www.materiasensible.cat/ca/lexposició/equip-tècnic/index.html]
[www.materiasensible.cat/ca/arquitectes-seleccionats/index.html]
[www.materiasensible.cat/ca/node/3/index.html]
[www.materiasensible.cat/ca/lexposició/index.html]
[www.materiasensible.cat/en/exhibition/index.html]
[maps.google.com/maps.54/index.delayed]
[www.materiasensible.cat/es/exposición/index.html]
[www.materiasensible.cat/sites/default/files/css/css_4cb580ef140c6dae9289c168b19f1aa8/index.css]
[www.materiasensible.cat/sites/all/modules/gmap/js/gmap/index.js]
[www.materiasensible.cat/sites/all/modules/gmap/js/marker/index.js]
[www.materiasensible.cat/sites/all/modules/gmap/js/highlight/index.js]
[www.materiasensible.cat/sites/all/modules/gmap/js/gmap_marker/index.js]
[www.materiasensible.cat/sites/all/modules/gmap/js/poly/index.js]
[www.materiasensible.cat/sites/default/files/js/gmap_markers/index.js]
[www.materiasensible.cat/sites/all/modules/gmap/js/icon/index.js]
[www.materiasensible.cat/sites/all/modules/gmap/js/markerloader_static/index.js]
[www.materiasensible.cat/sites/all/modules/mapbox/js/gmapbox/index.js]
[www.materiasensible.cat/ca/itinerancies/col·legi-darquitectes-de-catalunya-barcelona/index.html]
[www.materiasensible.cat/ca/clipping/metalocus/index.html]
[www.materiasensible.cat/sites/default/files/imagecache/clipping/clipping/www.metalocus.es_2012-7-4_18235_2/index.png]
[www.materiasensible.cat/ca/clipping/tectónica-0/index.html]
[www.materiasensible.cat/sites/default/files/imagecache/clipping/clipping/tectonicablog.com_2012-7-2_112455/index.png]
[www.materiasensible.cat/ca/clipping/el-país-catalunya/index.html]
[www.materiasensible.cat/sites/default/files/imagecache/clipping/clipping/ccaa_el_pais_-_estil_o_discurs/index.png]
[www.materiasensible.cat/ca/itinerancies/ancb-aedes-network-campus-berlin-berlin/index.html]
[www.materiasensible.cat/ca/clipping/vilaweb/index.html]
[www.materiasensible.cat/sites/default/files/imagecache/clipping/clipping/www.vilaweb.cat_2012-6-14_152144/index.png]
[www.materiasensible.cat/ca/clipping/agència-catalana-de-noticies/index.html]
[www.materiasensible.cat/ca/clipping/gencat/index.html]
[www.materiasensible.cat/sites/default/files/imagecache/clipping/clipping/gencat/index.png]
[www.materiasensible.cat/ca/clipping/institut-ramon-llull/index.html]
[www.materiasensible.cat/sites/default/files/imagecache/clipping/clipping/www.llull_.cat_2012-6-14_151824/index.png]
[www.materiasensible.cat/ca/clipping/la-vanguardia/index.html]
[www.materiasensible.cat/sites/default/files/imagecache/clipping/clipping/www.lavanguardia.com_2012-6-14_152010/index.png]
[www.materiasensible.cat/ca/clipping/el-país/index.html]
[www.materiasensible.cat/sites/default/files/imagecache/clipping/clipping/cultura.elpais.com_2012-6-14_152229/index.png]
[www.materiasensible.cat/ca/clipping/europa-press/index.html]
[www.materiasensible.cat/sites/default/files/imagecache/clipping/clipping/www.europapress.cat_2012-6-14_152430/index.png]
[www.materiasensible.cat/ca/clipping/ancb/index.html]
[www.materiasensible.cat/sites/default/files/imagecache/clipping/clipping/aedes_0/index.png]
[www.materiasensible.cat/ca/itinerancies/etsac-escuela-técnica-superior-de-arquitectura-de-coruñ-coruñ-espanya/index.html]
[www.materiasensible.cat/ca/clipping/coa-galicia/index.html]
[www.materiasensible.cat/sites/default/files/imagecache/clipping/clipping/coag/index.png]
[www.materiasensible.cat/ca/clipping/detail/index.html]
[www.materiasensible.cat/sites/default/files/imagecache/clipping/clipping/materia_sensible_jovenes_arquitectos_catalanes_/index.png]
[www.materiasensible.cat/ca/clipping/plataforma-arquitectura/index.html]
[www.materiasensible.cat/sites/default/files/imagecache/clipping/clipping/plataforma_arquitectura/index.png]
[www.materiasensible.cat/ca/clipping/ve-redes/index.html]
[www.materiasensible.cat/sites/default/files/imagecache/clipping/clipping/veredes_1290085986494/index.png]
[www.materiasensible.cat/ca/clipping/tectónica-blog/index.html]
[www.materiasensible.cat/sites/default/files/imagecache/clipping/clipping/tectonica_a_coruna/index.png]
[www.materiasensible.cat/ca/clipping/extraradi-com-ràdio/index.html]
[www.materiasensible.cat/sites/default/files/imagecache/clipping/clipping/439output/index.png]
[www.materiasensible.cat/ca/itinerancies/galeria-nogo-lisboa-portugal/index.html]
[www.materiasensible.cat/ca/clipping/diari-avui/index.html]
[www.materiasensible.cat/sites/default/files/imagecache/clipping/clipping/01avui_043/index.png]
[www.materiasensible.cat/ca/clipping/diario-público/index.html]
[www.materiasensible.cat/sites/default/files/imagecache/clipping/clipping/publico_interior_paper/index.jpg]
[www.materiasensible.cat/ca/clipping/icat-fm/index.html]
[www.materiasensible.cat/sites/default/files/imagecache/clipping/clipping/icat_fm_musica_i_cultura_per_radio_i_internet._amb_icatjazz_musicatles_totcat_mediterradio_i_xahrazad_1277132279116/index.png]
[www.materiasensible.cat/ca/clipping/scalae/index.html]
[www.materiasensible.cat/sites/default/files/imagecache/clipping/clipping/scalae_materia_sensible_10_arquitectos_jovenes_catalanes_1276674743345/index.png]
[www.materiasensible.cat/ca/clipping/arqa/index.html]
[www.materiasensible.cat/sites/default/files/imagecache/clipping/clipping/arqa/index.png]
[www.materiasensible.cat/ca/clipping/tectónica/index.html]
[www.materiasensible.cat/sites/default/files/imagecache/clipping/clipping/tectonicablog_materia_sensible_10_arquitectes_joves_catalans_1276522577454/index.png]
[www.materiasensible.cat/ca/clipping/archtlas/index.html]
[www.materiasensible.cat/sites/default/files/imagecache/clipping/clipping/materia_sensible_arquitectos_jovenes_catalanes__archtlas_1294345800823/index.png]
[www.materiasensible.cat/en/exhibition/clipping/index.html]
[www.materiasensible.cat/es/exposición/clipping/index.html]
[www.materiasensible.cat/ca/lexposició/clipping/index.html]
[www.materiasensible.cat/sites/default/files/imagecache/cartell/img/itinerancies/ms_web/index.jpg]
[www.materiasensible.cat/cdn-cgi/l/email-protection/index.html]
[www.materiasensible.cat/sites/default/files/imagecache/cartell/img/itinerancies/cartell/index.png]
[www.materiasensible.cat/sites/default/files/imagecache/cartell/img/itinerancies/flyer_materia_sensible_coruna_aaff/index.png]
[www.materiasensible.cat/sites/default/files/imagecache/cartell/img/itinerancies/flyer_materia_sensible_aaff/index.png]
[www.materiasensible.cat/en/itinerancies/index.html]
[www.materiasensible.cat/es/itinerancies/index.html]
[www.materiasensible.cat/ca/itinerancies/index.html]
[www.materiasensible.cat/cdn-cgi/scripts/f2bf09f8/cloudflare-static/email-decode.min/index.js]
[www.materiasensible.cat/ca/document/improvisation/index.html]
[www.materiasensible.cat/en/document/contemporary-condition-and-new-paradigms/index.html]
[www.materiasensible.cat/en/document/improvisation/index.html]
[www.materiasensible.cat/ca/document/texto-pie-de-tres-notas/index.html]
[www.materiasensible.cat/ca/document/contemporary-condition-and-new-paradigms/index.html]
[www.materiasensible.cat/en/exhibition/documents/index.html]
[www.materiasensible.cat/ca/lexposició/documents/index.html]
[www.materiasensible.cat/es/documents/index.html]
[www.materiasensible.cat/sites/default/files/css/css_46516aafb028daa5bfa767424df736e5/index.css]
[www.materiasensible.cat/sites/all/modules/openlayers/js/openlayers/index.js]
[www.materiasensible.cat/sites/all/modules/mapbox/includes/layer_types/mapbox/index.js]
[www.materiasensible.cat/sites/all/modules/openlayers/includes/layer_types/js/google/index.js]
[www.materiasensible.cat/sites/all/modules/openlayers/includes/layer_types/js/xyz/index.js]
[www.materiasensible.cat/sites/all/modules/openlayers/modules/openlayers_views/includes/layer_types/openlayers_views_vector/index.js]
[www.materiasensible.cat/sites/all/modules/openlayers/includes/behaviors/js/openlayers_behavior_popup/index.js]
[www.materiasensible.cat/sites/all/modules/openlayers/includes/behaviors/js/openlayers_behavior_fullscreen/index.js]
[www.materiasensible.cat/sites/all/modules/openlayers/includes/behaviors/js/openlayers_behavior_keyboarddefaults/index.js]
[www.materiasensible.cat/sites/all/modules/openlayers/includes/behaviors/js/openlayers_behavior_layerswitcher/index.js]
[www.materiasensible.cat/sites/all/modules/openlayers/includes/behaviors/js/openlayers_behavior_navigation/index.js]
[www.materiasensible.cat/sites/all/modules/openlayers/includes/behaviors/js/openlayers_behavior_panzoombar/index.js]
[www.materiasensible.cat/sites/all/modules/openlayers/includes/behaviors/js/openlayers_behavior_zoomtomaxextent/index.js]
[www.materiasensible.cat/sites/all/modules/openlayers/includes/behaviors/js/openlayers_behavior_zoomtolayer/index.js]
[www.materiasensible.cat/sites/default/files/imagecache/Portada/cal_masso_17/index.jpg]
[www.materiasensible.cat/ca/obres/centre-dart-cal-massó/index.html]
[www.materiasensible.cat/sites/default/files/imagecache/Portada/cine_lidia_07/index.jpg]
[www.materiasensible.cat/ca/obres/cine-lídia/index.html]
[www.materiasensible.cat/ca/obres/capsa-habitable/index.html]
[www.materiasensible.cat/sites/default/files/imagecache/Portada/exterior_1/index.jpg]
[www.materiasensible.cat/sites/default/files/imagecache/Portada/ficha-casa-pasiva-arboretum/index.jpg]
[www.materiasensible.cat/ca/obres/casa-passiva-arboretum/index.html]
[www.materiasensible.cat/sites/default/files/imagecache/Portada/704_02/index.jpg]
[www.materiasensible.cat/ca/obres/gimnàs-704/index.html]
[www.materiasensible.cat/sites/default/files/imagecache/Portada/casa205_03/index.jpg]
[www.materiasensible.cat/ca/obres/casa-205/index.html]
[www.materiasensible.cat/sites/default/files/imagecache/Portada/bnl1/index.jpg]
[www.materiasensible.cat/ca/obres/casa-en-bunyola/index.html]
[www.materiasensible.cat/sites/default/files/imagecache/Portada/estudio_1/index.jpg]
[www.materiasensible.cat/ca/obres/estudi-del-pintor-damià-jaume/index.html]
[www.materiasensible.cat/sites/default/files/imagecache/Portada/vpoandreu04/index.jpg]
[www.materiasensible.cat/ca/obres/hpo-sant-andreu/index.html]
[www.materiasensible.cat/sites/default/files/imagecache/Portada/aire_entorno02/index.jpg]
[www.materiasensible.cat/ca/obres/hotel-aire/index.html]
[www.materiasensible.cat/sites/default/files/imagecache/Portada/vilanova_n7x343639_copy/index.jpg]
[www.materiasensible.cat/ca/obres/escola-bressol/index.html]
[www.materiasensible.cat/sites/default/files/imagecache/Portada/batllo_n7x268990_copy/index.jpg]
[www.materiasensible.cat/ca/obres/reforma-habitatge-passatge-batlló/index.html]
[www.materiasensible.cat/sites/default/files/imagecache/Portada/_n7x538183/index.jpg]
[www.materiasensible.cat/ca/obres/casa-sant-feliu/index.html]
[www.materiasensible.cat/sites/default/files/imagecache/Portada/ms-m1/index.jpg]
[www.materiasensible.cat/ca/obres/museu-es-molinar/index.html]
[www.materiasensible.cat/sites/default/files/imagecache/Portada/unparelldarquitectes_-_restaurant_can_jeroni_-_01/index.jpg]
[www.materiasensible.cat/ca/obres/restaurant-can-jeroni/index.html]
[www.materiasensible.cat/sites/default/files/imagecache/Portada/montgat_dataae_11/index.jpg]
[www.materiasensible.cat/ca/obres/parc-del-turò-del-sastre/index.html]
[www.materiasensible.cat/sites/default/files/imagecache/Portada/ficha-casas-patio/index.jpg]
[www.materiasensible.cat/ca/obres/cases-pati/index.html]
[www.materiasensible.cat/sites/default/files/imagecache/Portada/ficha-casa-collage/index.jpg]
[www.materiasensible.cat/ca/obres/casa-collage/index.html]
[www.materiasensible.cat/sites/default/files/imagecache/Portada/ficha-can-joan-jaume-i-n039apol-lonia/index.jpg]
[www.materiasensible.cat/ca/obres/can-joan-jaume-i-napolonia/index.html]
[www.materiasensible.cat/sites/default/files/imagecache/Portada/ficha-el-pis-d039en-quim_1/index.jpg]
[www.materiasensible.cat/ca/obras/el-pis-den-quim/index.html]
[www.materiasensible.cat/ca/obres/index.html]
[www.materiasensible.cat/sites/all/modules/captcha/captcha/index.js]
[www.materiasensible.cat/en/obres/index.html]
[www.materiasensible.cat/es/obres/index.html]
[www.materiasensible.cat/misc/textarea/index.js]
[www.materiasensible.cat/en/contact/index.html]
[www.materiasensible.cat/ca/contact/index.html]
[www.materiasensible.cat/node/136/index.html]
[www.facebook.com/pages/Materia-Sensible/157652574277800.11/index.delayed]
[vimeo.com/archtlas.12/index.delayed]
[vimeo.com/archtlas.12/index.delayed]
[twitter.com/msensible.13/index.delayed]
[www.materiasensible.cat/es/contact/index.html]
[www.materiasensible.cat/en/node/2/index.html]
[www.materiasensible.cat/en/COAC/index.html]
[www.materiasensible.cat/en/index.html]
[www.materiasensible.cat/sites/default/files/languages/es_385f66829c980491ac77c590e3732347/index.js]
[www.materiasensible.cat/es/node/2/index.html]
[www.materiasensible.cat/es/COAC/index.html]
[www.materiasensible.cat/es/index.html]
[llull.cat/index/index.html]
[www.conca.cat/index/index.html]
[archtlas.com/index/index.html]
[archtlas.com/sites/index/index.html]
[arquinfad.org/arquinfad_popup/index.html]
[arquinfad.org/index/index.html]
[arquinfad.org/logo/index.gif]
[www.estacionstransformadores.blogspot.com/index/index.html]
[www.nauivanow.com/modules/node/node/index.css]
[www.nauivanow.com/modules/poll/poll/index.css]
[www.nauivanow.com/modules/system/defaults/index.css]
[www.nauivanow.com/modules/system/system/index.css]
[www.nauivanow.com/modules/system/system-menus/index.css]
[www.nauivanow.com/modules/user/user/index.css]
[www.nauivanow.com/sites/all/modules/cck/theme/content-module/index.css]
[www.nauivanow.com/sites/all/modules/date/date/index.css]
[www.nauivanow.com/sites/all/modules/date/date_popup/themes/datepicker/index.css]
[www.nauivanow.com/sites/all/modules/date/date_popup/themes/jquery.timeentry/index.css]
[www.nauivanow.com/sites/all/modules/filefield/filefield/index.css]
[www.nauivanow.com/sites/all/modules/lightbox2/css/lightbox/index.css]
[www.nauivanow.com/sites/all/modules/simplenews/simplenews/index.css]
[www.nauivanow.com/sites/all/modules/video_filter/video_filter/index.css]
[www.nauivanow.com/sites/all/modules/views_slideshow/contrib/views_slideshow_singleframe/views_slideshow/index.css]
[www.nauivanow.com/sites/all/modules/views_slideshow/contrib/views_slideshow_thumbnailhover/views_slideshow/index.css]
[www.nauivanow.com/misc/farbtastic/farbtastic/index.css]
[www.nauivanow.com/sites/all/modules/cck/modules/fieldgroup/fieldgroup/index.css]
[www.nauivanow.com/sites/all/modules/views/css/views/index.css]
[www.nauivanow.com/sites/all/modules/print/css/printlinks/index.css]
[www.nauivanow.com/sites/all/themes/IvanowTheme/style/index.css]
[www.nauivanow.com/sites/all/themes/IvanowTheme/calendar/index.css]
[www.nauivanow.com/sites/all/themes/IvanowTheme/nauivanow/index.css]
[www.nauivanow.com/misc/jquery/index.js]
[www.nauivanow.com/misc/drupal/index.js]
[www.nauivanow.com/sites/default/files/languages/ca_ea9e49ab7daf346586724244de6bf2ec/index.js]
[www.nauivanow.com/sites/all/modules/google_analytics/googleanalytics/index.js]
[www.nauivanow.com/sites/all/modules/lightbox2/js/lightbox/index.js]
[www.nauivanow.com/sites/all/modules/views_slideshow/js/jquery.cycle.all.min/index.js]
[www.nauivanow.com/sites/all/modules/views_slideshow/contrib/views_slideshow_singleframe/views_slideshow/index.js]
[www.nauivanow.com/sites/all/modules/views_slideshow/contrib/views_slideshow_thumbnailhover/views_slideshow/index.js]
[www.nauivanow.com/sites/all/themes/IvanowTheme/script/index.js]
[www.nauivanow.com/sites/all/themes/IvanowTheme/images/nauivanow-logo/index.png]
[www.nauivanow.com/es/index.html]
[www.nauivanow.com/contingut/història/index.html]
[www.nauivanow.com/contingut/documents/index.html]
[www.nauivanow.com/contingut/suport-la-creació/index.html]
[www.nauivanow.com/creació/cicle-de-creació-escènica-despertalab/index.html]
[www.nauivanow.com/creació/residències/index.html]
[www.nauivanow.com/contingut/formació-0/index.html]
[www.nauivanow.com/creació/viver-de-creadors/index.html]
[www.nauivanow.com/creació/formació/index.html]
[www.nauivanow.com/creació/exhibició/index.html]
[www.nauivanow.com/contingut/formació/index.html]
[www.nauivanow.com/contingut/cursos-vigents/index.html]
[www.nauivanow.com/contingut/cursos-realitzats/index.html]
[www.nauivanow.com/agenda/index.html]
[www.nauivanow.com/contingut/exit-experiències-internacionals/index.html]
[www.nauivanow.com/contingut/escena-germinal/index.html]
[www.nauivanow.com/contingut/creació-escènica/index.html]
[www.nauivanow.com/contingut/càpsules-do-nau-ivanow-companyies-en-residència/index.html]
[www.nauivanow.com/contingut/contacte/index.html]
[www.nauivanow.com/sites/default/files/imagecache/984x200/global_images/0001/index.jpg]
[www.nauivanow.com/sites/default/files/imagecache/984x200/global_images/0010/index.jpg]
[www.nauivanow.com/contingut/qui-som/index.html]
[www.nauivanow.com/sites/default/files/imagecache/984x200/global_images/0008/index.jpg]
[www.nauivanow.com/sites/default/files/imagecache/984x200/global_images/guillot2/index.jpg]
[www.nauivanow.com/inici/index.html]
[www.nauivanow.com/ca/agenda/index.html]
[www.nauivanow.com/sites/all/themes/IvanowTheme/images/programacio/index.jpg]
[www.nauivanow.com/ca/contingut/suport-la-creació/index.html]
[www.nauivanow.com/sites/all/themes/IvanowTheme/images/creacio/index.jpg]
[www.nauivanow.com/sites/all/themes/IvanowTheme/images/espais/index.jpg]
